ARM Linker, 4.1 [Build 894] [Standard]

==============================================================================

Section Cross References

    startup_stm32f10x_hd.o(STACK) refers (Special) to heapauxi.o(.text) for __use_two_region_memory
    startup_stm32f10x_hd.o(HEAP) refers (Special) to heapauxi.o(.text) for __use_two_region_memory
    startup_stm32f10x_hd.o(RESET) refers (Special) to heapauxi.o(.text) for __use_two_region_memory
    startup_stm32f10x_hd.o(RESET) refers to startup_stm32f10x_hd.o(STACK) for __initial_sp
    startup_stm32f10x_hd.o(RESET) refers to startup_stm32f10x_hd.o(.text) for Reset_Handler
    startup_stm32f10x_hd.o(RESET) refers to stm32f10x_it.o(i.NMI_Handler) for NMI_Handler
    startup_stm32f10x_hd.o(RESET) refers to stm32f10x_it.o(i.HardFault_Handler) for HardFault_Handler
    startup_stm32f10x_hd.o(RESET) refers to stm32f10x_it.o(i.MemManage_Handler) for MemManage_Handler
    startup_stm32f10x_hd.o(RESET) refers to stm32f10x_it.o(i.BusFault_Handler) for BusFault_Handler
    startup_stm32f10x_hd.o(RESET) refers to stm32f10x_it.o(i.UsageFault_Handler) for UsageFault_Handler
    startup_stm32f10x_hd.o(RESET) refers to stm32f10x_it.o(i.SVC_Handler) for SVC_Handler
    startup_stm32f10x_hd.o(RESET) refers to stm32f10x_it.o(i.DebugMon_Handler) for DebugMon_Handler
    startup_stm32f10x_hd.o(RESET) refers to os_cpu_a.o(.text) for OS_CPU_PendSVHandler
    startup_stm32f10x_hd.o(RESET) refers to stm32f10x_it.o(i.SysTick_Handler) for SysTick_Handler
    startup_stm32f10x_hd.o(RESET) refers to stm32f10x_it.o(i.RTC_IRQHandler) for RTC_IRQHandler
    startup_stm32f10x_hd.o(RESET) refers to stm32f10x_it.o(i.USB_LP_CAN1_RX0_IRQHandler) for USB_LP_CAN1_RX0_IRQHandler
    startup_stm32f10x_hd.o(RESET) refers to stm32f10x_it.o(i.USART1_IRQHandler) for USART1_IRQHandler
    startup_stm32f10x_hd.o(RESET) refers to stm32f10x_it.o(i.SDIO_IRQHandler) for SDIO_IRQHandler
    startup_stm32f10x_hd.o(.text) refers (Special) to heapauxi.o(.text) for __use_two_region_memory
    startup_stm32f10x_hd.o(.text) refers to system_stm32f10x.o(i.SystemInit) for SystemInit
    startup_stm32f10x_hd.o(.text) refers to __main.o(!!!main) for __main
    startup_stm32f10x_hd.o(.text) refers to startup_stm32f10x_hd.o(HEAP) for Heap_Mem
    startup_stm32f10x_hd.o(.text) refers to startup_stm32f10x_hd.o(STACK) for Stack_Mem
    main.o(i.AppMemCreate) refers to ucos_ii.o(i.OSMemCreate) for OSMemCreate
    main.o(i.AppMemCreate) refers to app.o(.data) for ptrSmall64MEM
    main.o(i.AppMemCreate) refers to app.o(.data) for ptrSmallMEM
    main.o(i.AppMemCreate) refers to app.o(.data) for ptrMediumMEM
    main.o(i.AppMemCreate) refers to app.o(.data) for ptrLargeMEM
    main.o(i.AppMemCreate) refers to main.o(.bss) for .bss
    main.o(i.AppTaskCreate) refers to ucos_ii.o(i.OSTaskCreateExt) for OSTaskCreateExt
    main.o(i.AppTaskCreate) refers to main.o(.bss) for .bss
    main.o(i.AppTaskCreate) refers to task.o(i.Task_Led) for Task_Led
    main.o(i.AppTaskCreate) refers to task.o(i.Task_Lcd) for Task_Lcd
    main.o(i.AppTaskCreate) refers to task.o(i.Task_SdCard) for Task_SdCard
    main.o(i.TASK_AppStart) refers to bsp.o(i.SysTick_init) for SysTick_init
    main.o(i.TASK_AppStart) refers to ucos_ii.o(i.OSMutexCreate) for OSMutexCreate
    main.o(i.TASK_AppStart) refers to ucos_ii.o(i.OSQCreate) for OSQCreate
    main.o(i.TASK_AppStart) refers to main.o(i.AppMemCreate) for AppMemCreate
    main.o(i.TASK_AppStart) refers to main.o(i.AppTaskCreate) for AppTaskCreate
    main.o(i.TASK_AppStart) refers to app.o(i.TimeDlyms) for TimeDlyms
    main.o(i.TASK_AppStart) refers to task.o(.data) for g_MutexPrint
    main.o(i.TASK_AppStart) refers to app.o(.bss) for LCDQueue
    main.o(i.TASK_AppStart) refers to task.o(.data) for g_QLcdDisplay
    main.o(i.main) refers to bsp.o(i.BSP_Init) for BSP_Init
    main.o(i.main) refers to ucos_ii.o(i.OSInit) for OSInit
    main.o(i.main) refers to ucos_ii.o(i.OSTaskCreateExt) for OSTaskCreateExt
    main.o(i.main) refers to ucos_ii.o(i.OSStart) for OSStart
    main.o(i.main) refers to main.o(.bss) for .bss
    main.o(i.main) refers to main.o(i.TASK_AppStart) for TASK_AppStart
    stm32f10x_it.o(i.RTC_IRQHandler) refers to stm32f10x_conf.o(i.RTC_GetITStatus) for RTC_GetITStatus
    stm32f10x_it.o(i.RTC_IRQHandler) refers to stm32f10x_conf.o(i.RTC_ClearITPendingBit) for RTC_ClearITPendingBit
    stm32f10x_it.o(i.RTC_IRQHandler) refers to stm32f10x_conf.o(i.RTC_WaitForLastTask) for RTC_WaitForLastTask
    stm32f10x_it.o(i.RTC_IRQHandler) refers to app.o(.data) for g_ulBootSecTime
    stm32f10x_it.o(i.SDIO_IRQHandler) refers to driver.o(i.SD_ProcessIRQSrc) for SD_ProcessIRQSrc
    stm32f10x_it.o(i.SysTick_Handler) refers to ucos_ii.o(i.OSIntEnter) for OSIntEnter
    stm32f10x_it.o(i.SysTick_Handler) refers to ucos_ii.o(i.OSTimeTick) for OSTimeTick
    stm32f10x_it.o(i.SysTick_Handler) refers to ucos_ii.o(i.OSIntExit) for OSIntExit
[...]
    __scatterload_zeroinit                   0x08006189   Thumb Code    28  __scatter_zi.o(!!handler_zi)
    __rt_lib_init                            0x080061a5   Thumb Code     0  libinit.o(.ARM.Collect$$libinit$$00000000)
    __rt_lib_init_heap_1                     0x080061ab   Thumb Code     0  libinit2.o(.ARM.Collect$$libinit$$00000006)
    __rt_lib_init_lc_common                  0x080061ab   Thumb Code     0  libinit2.o(.ARM.Collect$$libinit$$0000000B)
    __rt_lib_init_rand_1                     0x080061ab   Thumb Code     0  libinit2.o(.ARM.Collect$$libinit$$0000000A)
    __rt_lib_init_user_alloc_1               0x080061ab   Thumb Code     0  libinit2.o(.ARM.Collect$$libinit$$00000008)
    __rt_lib_init_lc_collate_1               0x080061b1   Thumb Code     0  libinit2.o(.ARM.Collect$$libinit$$0000000D)
    __rt_lib_init_lc_ctype_2                 0x080061b1   Thumb Code     0  libinit2.o(.ARM.Collect$$libinit$$0000000E)
    __rt_lib_init_lc_ctype_1                 0x080061bd   Thumb Code     0  libinit2.o(.ARM.Collect$$libinit$$0000000F)
    __rt_lib_init_lc_monetary_1              0x080061bd   Thumb Code     0  libinit2.o(.ARM.Collect$$libinit$$00000011)
    __rt_lib_init_lc_numeric_2               0x080061bd   Thumb Code     0  libinit2.o(.ARM.Collect$$libinit$$00000012)
    __rt_lib_init_alloca_1                   0x080061c7   Thumb Code     0  libinit2.o(.ARM.Collect$$libinit$$0000002A)
    __rt_lib_init_argv_1                     0x080061c7   Thumb Code     0  libinit2.o(.ARM.Collect$$libinit$$00000028)
    __rt_lib_init_atexit_1                   0x080061c7   Thumb Code     0  libinit2.o(.ARM.Collect$$libinit$$00000017)
    __rt_lib_init_clock_1                    0x080061c7   Thumb Code     0  libinit2.o(.ARM.Collect$$libinit$$0000001D)
    __rt_lib_init_cpp_1                      0x080061c7   Thumb Code     0  libinit2.o(.ARM.Collect$$libinit$$0000002E)
    __rt_lib_init_exceptions_1               0x080061c7   Thumb Code     0  libinit2.o(.ARM.Collect$$libinit$$0000002C)
    __rt_lib_init_fp_trap_1                  0x080061c7   Thumb Code     0  libinit2.o(.ARM.Collect$$libinit$$0000001B)
    __rt_lib_init_getenv_1                   0x080061c7   Thumb Code     0  libinit2.o(.ARM.Collect$$libinit$$0000001F)
    __rt_lib_init_lc_numeric_1               0x080061c7   Thumb Code     0  libinit2.o(.ARM.Collect$$libinit$$00000013)
    __rt_lib_init_lc_time_1                  0x080061c7   Thumb Code     0  libinit2.o(.ARM.Collect$$libinit$$00000015)
    __rt_lib_init_return                     0x080061c7   Thumb Code     0  libinit2.o(.ARM.Collect$$libinit$$0000002F)
    __rt_lib_init_signal_1                   0x080061c7   Thumb Code     0  libinit2.o(.ARM.Collect$$libinit$$00000019)
    __rt_lib_init_stdio_1                    0x080061c7   Thumb Code     0  libinit2.o(.ARM.Collect$$libinit$$00000021)
    __rt_lib_shutdown                        0x080061c9   Thumb Code     0  libshutdown.o(.ARM.Collect$$libshutdown$$00000000)
    __rt_lib_shutdown_fp_trap_1              0x080061cb   Thumb Code     0  libshutdown2.o(.ARM.Collect$$libshutdown$$00000006)
    __rt_lib_shutdown_heap_1                 0x080061cb   Thumb Code     0  libshutdown2.o(.ARM.Collect$$libshutdown$$0000000E)
    __rt_lib_shutdown_return                 0x080061cb   Thumb Code     0  libshutdown2.o(.ARM.Collect$$libshutdown$$0000000F)
    __rt_lib_shutdown_signal_1               0x080061cb   Thumb Code     0  libshutdown2.o(.ARM.Collect$$libshutdown$$00000009)
    __rt_lib_shutdown_stdio_1                0x080061cb   Thumb Code     0  libshutdown2.o(.ARM.Collect$$libshutdown$$00000003)
    __rt_lib_shutdown_user_alloc_1           0x080061cb   Thumb Code     0  libshutdown2.o(.ARM.Collect$$libshutdown$$0000000B)
    __rt_entry                               0x080061cd   Thumb Code     0  rtentry.o(.ARM.Collect$$rtentry$$00000000)
    __rt_entry_presh_1                       0x080061cd   Thumb Code     0  rtentry2.o(.ARM.Collect$$rtentry$$00000002)
    __rt_entry_sh                            0x080061cd   Thumb Code     0  rtentry4.o(.ARM.Collect$$rtentry$$00000004)
    __rt_entry_li                            0x080061d3   Thumb Code     0  rtentry2.o(.ARM.Collect$$rtentry$$0000000A)
    __rt_entry_postsh_1                      0x080061d3   Thumb Code     0  rtentry2.o(.ARM.Collect$$rtentry$$00000009)
    __rt_entry_main                          0x080061d7   Thumb Code     0  rtentry2.o(.ARM.Collect$$rtentry$$0000000D)
    __rt_entry_postli_1                      0x080061d7   Thumb Code     0  rtentry2.o(.ARM.Collect$$rtentry$$0000000C)
    __rt_exit                                0x080061df   Thumb Code     0  rtexit.o(.ARM.Collect$$rtexit$$00000000)
    __rt_exit_ls                             0x080061e1   Thumb Code     0  rtexit2.o(.ARM.Collect$$rtexit$$00000003)
    __rt_exit_prels_1                        0x080061e1   Thumb Code     0  rtexit2.o(.ARM.Collect$$rtexit$$00000002)
    __rt_exit_exit                           0x080061e5   Thumb Code     0  rtexit2.o(.ARM.Collect$$rtexit$$00000004)
    __use_two_region_memory                  0x080061eb   Thumb Code     2  heapauxi.o(.text)
    __rt_heap_escrow$2region                 0x080061ed   Thumb Code     2  heapauxi.o(.text)
    __rt_heap_expand$2region                 0x080061ef   Thumb Code     2  heapauxi.o(.text)
    _sputc                                   0x080061f1   Thumb Code    10  _sputc.o(.text)
    __I$use$semihosting                      0x080061fb   Thumb Code     0  use_no_semi.o(.text)
    __use_no_semihosting_swi                 0x080061fb   Thumb Code     2  use_no_semi.o(.text)
    BusFault_Handler                         0x080061fd   Thumb Code     2  stm32f10x_it.o(i.BusFault_Handler)
    __semihosting_library_function           0x080061fd   Thumb Code     0  indicate_semi.o(.text)
    DebugMon_Handler                         0x080061ff   Thumb Code     2  stm32f10x_it.o(i.DebugMon_Handler)
    g_aucAppVersion                          0x08006200   Data          32  main.o(.ARM.__AT_0x08006200)
    _printf_n                                0x08006221   Thumb Code     0  _printf_n.o(.ARM.Collect$$_printf_percent$$00000001)
    _printf_percent                          0x08006221   Thumb Code     0  _printf_percent.o(.ARM.Collect$$_printf_percent$$00000000)
    _printf_p                                0x08006227   Thumb Code     0  _printf_p.o(.ARM.Collect$$_printf_percent$$00000002)
    _printf_f                                0x0800622d   Thumb Code     0  _printf_f.o(.ARM.Collect$$_printf_percent$$00000003)
    _printf_e                                0x08006233   Thumb Code     0  _printf_e.o(.ARM.Collect$$_printf_percent$$00000004)
    _printf_g                                0x08006239   Thumb Code     0  _printf_g.o(.ARM.Collect$$_printf_percent$$00000005)
    _printf_a                                0x0800623f   Thumb Code     0  _printf_a.o(.ARM.Collect$$_printf_percent$$00000006)
    _printf_ll                               0x08006245   Thumb Code     0  _printf_ll.o(.ARM.Collect$$_printf_percent$$00000007)
    _printf_i                                0x0800624f   Thumb Code     0  _printf_i.o(.ARM.Collect$$_printf_percent$$00000008)
    _printf_d                                0x08006255   Thumb Code     0  _printf_d.o(.ARM.Collect$$_printf_percent$$00000009)
    _printf_u                                0x0800625b   Thumb Code     0  _printf_u.o(.ARM.Collect$$_printf_percent$$0000000A)
    _printf_o                                0x08006261   Thumb Code     0  _printf_o.o(.ARM.Collect$$_printf_percent$$0000000B)
    _printf_x                                0x08006267   Thumb Code     0  _printf_x.o(.ARM.Collect$$_printf_percent$$0000000C)
    _printf_lli                              0x0800626d   Thumb Code     0  _printf_lli.o(.ARM.Collect$$_printf_percent$$0000000D)
    _printf_lld                              0x08006273   Thumb Code     0  _printf_lld.o(.ARM.Collect$$_printf_percent$$0000000E)
    _printf_llu                              0x08006279   Thumb Code     0  _printf_llu.o(.ARM.Collect$$_printf_percent$$0000000F)
    _printf_llo                              0x0800627f   Thumb Code     0  _printf_llo.o(.ARM.Collect$$_printf_percent$$00000010)
    _printf_llx                              0x08006285   Thumb Code     0  _printf_llx.o(.ARM.Collect$$_printf_percent$$00000011)
    _printf_l                                0x0800628b   Thumb Code     0  _printf_l.o(.ARM.Collect$$_printf_percent$$00000012)
    _printf_c                                0x08006295   Thumb Code     0  _printf_c.o(.ARM.Collect$$_printf_percent$$00000013)
    _printf_s                                0x0800629b   Thumb Code     0  _printf_s.o(.ARM.Collect$$_printf_percent$$00000014)
    _printf_lc                               0x080062a1   Thumb Code     0  _printf_lc.o(.ARM.Collect$$_printf_percent$$00000015)
    _printf_ls                               0x080062a7   Thumb Code     0  _printf_ls.o(.ARM.Collect$$_printf_percent$$00000016)
    _printf_percent_end                      0x080062ad   Thumb Code     0  _printf_percent_end.o(.ARM.Collect$$_printf_percent$$00000017)
    Reset_Handler                            0x080062b1   Thumb Code     8  startup_stm32f10x_hd.o(.text)
    ADC1_2_IRQHandler                        0x080062cb   Thumb Code     0  startup_stm32f10x_hd.o(.text)
    ADC3_IRQHandler                          0x080062cb   Thumb Code     0  startup_stm32f10x_hd.o(.text)
    CAN1_RX1_IRQHandler                      0x080062cb   Thumb Code     0  startup_stm32f10x_hd.o(.text)
    CAN1_SCE_IRQHandler                      0x080062cb   Thumb Code     0  startup_stm32f10x_hd.o(.text)
    DMA1_Channel1_IRQHandler                 0x080062cb   Thumb Code     0  startup_stm32f10x_hd.o(.text)
    DMA1_Channel2_IRQHandler                 0x080062cb   Thumb Code     0  startup_stm32f10x_hd.o(.text)
    DMA1_Channel3_IRQHandler                 0x080062cb   Thumb Code     0  startup_stm32f10x_hd.o(.text)
    DMA1_Channel4_IRQHandler                 0x080062cb   Thumb Code     0  startup_stm32f10x_hd.o(.text)
    DMA1_Channel5_IRQHandler                 0x080062cb   Thumb Code     0  startup_stm32f10x_hd.o(.text)
    DMA1_Channel6_IRQHandler                 0x080062cb   Thumb Code     0  startup_stm32f10x_hd.o(.text)
    DMA1_Channel7_IRQHandler                 0x080062cb   Thumb Code     0  startup_stm32f10x_hd.o(.text)
    DMA2_Channel1_IRQHandler                 0x080062cb   Thumb Code     0  startup_stm32f10x_hd.o(.text)
    DMA2_Channel2_IRQHandler                 0x080062cb   Thumb Code     0  startup_stm32f10x_hd.o(.text)
    DMA2_Channel3_IRQHandler                 0x080062cb   Thumb Code     0  startup_stm32f10x_hd.o(.text)
    DMA2_Channel4_5_IRQHandler               0x080062cb   Thumb Code     0  startup_stm32f10x_hd.o(.text)
    EXTI0_IRQHandler                         0x080062cb   Thumb Code     0  startup_stm32f10x_hd.o(.text)
    EXTI15_10_IRQHandler                     0x080062cb   Thumb Code     0  startup_stm32f10x_hd.o(.text)
    EXTI1_IRQHandler                         0x080062cb   Thumb Code     0  startup_stm32f10x_hd.o(.text)
    EXTI2_IRQHandler                         0x080062cb   Thumb Code     0  startup_stm32f10x_hd.o(.text)
    EXTI3_IRQHandler                         0x080062cb   Thumb Code     0  startup_stm32f10x_hd.o(.text)
    EXTI4_IRQHandler                         0x080062cb   Thumb Code     0  startup_stm32f10x_hd.o(.text)
    EXTI9_5_IRQHandler                       0x080062cb   Thumb Code     0  startup_stm32f10x_hd.o(.text)
    FLASH_IRQHandler                         0x080062cb   Thumb Code     0  startup_stm32f10x_hd.o(.text)
    FSMC_IRQHandler                          0x080062cb   Thumb Code     0  startup_stm32f10x_hd.o(.text)
    I2C1_ER_IRQHandler                       0x080062cb   Thumb Code     0  startup_stm32f10x_hd.o(.text)
    I2C1_EV_IRQHandler                       0x080062cb   Thumb Code     0  startup_stm32f10x_hd.o(.text)
    I2C2_ER_IRQHandler                       0x080062cb   Thumb Code     0  startup_stm32f10x_hd.o(.text)
    I2C2_EV_IRQHandler                       0x080062cb   Thumb Code     0  startup_stm32f10x_hd.o(.text)
    PVD_IRQHandler                           0x080062cb   Thumb Code     0  startup_stm32f10x_hd.o(.text)
    RCC_IRQHandler                           0x080062cb   Thumb Code     0  startup_stm32f10x_hd.o(.text)
    RTCAlarm_IRQHandler                      0x080062cb   Thumb Code     0  startup_stm32f10x_hd.o(.text)
    SPI1_IRQHandler                          0x080062cb   Thumb Code     0  startup_stm32f10x_hd.o(.text)
    SPI2_IRQHandler                          0x080062cb   Thumb Code     0  startup_stm32f10x_hd.o(.text)
    SPI3_IRQHandler                          0x080062cb   Thumb Code     0  startup_stm32f10x_hd.o(.text)
    TAMPER_IRQHandler                        0x080062cb   Thumb Code     0  startup_stm32f10x_hd.o(.text)
    TIM1_BRK_IRQHandler                      0x080062cb   Thumb Code     0  startup_stm32f10x_hd.o(.text)
    TIM1_CC_IRQHandler                       0x080062cb   Thumb Code     0  startup_stm32f10x_hd.o(.text)
    TIM1_TRG_COM_IRQHandler                  0x080062cb   Thumb Code     0  startup_stm32f10x_hd.o(.text)
    TIM1_UP_IRQHandler                       0x080062cb   Thumb Code     0  startup_stm32f10x_hd.o(.text)
    TIM2_IRQHandler                          0x080062cb   Thumb Code     0  startup_stm32f10x_hd.o(.text)
    TIM3_IRQHandler                          0x080062cb   Thumb Code     0  startup_stm32f10x_hd.o(.text)
    TIM4_IRQHandler                          0x080062cb   Thumb Code     0  startup_stm32f10x_hd.o(.text)
    TIM5_IRQHandler                          0x080062cb   Thumb Code     0  startup_stm32f10x_hd.o(.text)
    TIM6_IRQHandler                          0x080062cb   Thumb Code     0  startup_stm32f10x_hd.o(.text)
    TIM7_IRQHandler                          0x080062cb   Thumb Code     0  startup_stm32f10x_hd.o(.text)
    TIM8_BRK_IRQHandler                      0x080062cb   Thumb Code     0  startup_stm32f10x_hd.o(.text)
    TIM8_CC_IRQHandler                       0x080062cb   Thumb Code     0  startup_stm32f10x_hd.o(.text)
    TIM8_TRG_COM_IRQHandler                  0x080062cb   Thumb Code     0  startup_stm32f10x_hd.o(.text)
    TIM8_UP_IRQHandler                       0x080062cb   Thumb Code     0  startup_stm32f10x_hd.o(.text)
    UART4_IRQHandler                         0x080062cb   Thumb Code     0  startup_stm32f10x_hd.o(.text)
    UART5_IRQHandler                         0x080062cb   Thumb Code     0  startup_stm32f10x_hd.o(.text)
    USART2_IRQHandler                        0x080062cb   Thumb Code     0  startup_stm32f10x_hd.o(.text)
    USART3_IRQHandler                        0x080062cb   Thumb Code     0  startup_stm32f10x_hd.o(.text)
    USBWakeUp_IRQHandler                     0x080062cb   Thumb Code     0  startup_stm32f10x_hd.o(.text)
    USB_HP_CAN1_TX_IRQHandler                0x080062cb   Thumb Code     0  startup_stm32f10x_hd.o(.text)
    WWDG_IRQHandler                          0x080062cb   Thumb Code     0  startup_stm32f10x_hd.o(.text)
    __user_initial_stackheap                 0x080062cd   Thumb Code     0  startup_stm32f10x_hd.o(.text)
    OS_CPU_SR_Save                           0x080062f1   Thumb Code     0  os_cpu_a.o(.text)
    OS_CPU_SR_Restore                        0x080062f9   Thumb Code     0  os_cpu_a.o(.text)
    OSStartHighRdy                           0x080062ff   Thumb Code     0  os_cpu_a.o(.text)
    OSCtxSw                                  0x0800631f   Thumb Code     0  os_cpu_a.o(.text)
    OSIntCtxSw                               0x08006329   Thumb Code     0  os_cpu_a.o(.text)
    OS_CPU_PendSVHandler                     0x08006333   Thumb Code     0  os_cpu_a.o(.text)
    __c89vsnprintf                           0x08006395   Thumb Code    46  c89vsnprintf.o(.text)
    __2sprintf                               0x080063c9   Thumb Code    38  __2sprintf.o(.text)
    _printf_pre_padding                      0x080063f5   Thumb Code    46  _printf_pad.o(.text)
    _printf_post_padding                     0x08006423   Thumb Code    36  _printf_pad.o(.text)
    _printf_str                              0x08006447   Thumb Code    82  _printf_str.o(.text)
    _printf_int_dec                          0x08006499   Thumb Code   102  _printf_dec.o(.text)
    _printf_longlong_hex                     0x08006511   Thumb Code    92  _printf_hex_int_ll_ptr.o(.text)
    _printf_int_hex                          0x0800656d   Thumb Code    28  _printf_hex_int_ll_ptr.o(.text)
    _printf_ll_hex                           0x08006589   Thumb Code    12  _printf_hex_int_ll_ptr.o(.text)
    _printf_hex_ptr                          0x08006595   Thumb Code    18  _printf_hex_int_ll_ptr.o(.text)
    __printf                                 0x080065ad   Thumb Code   390  __printf_flags_ss_wp.o(.text)
    strstr                                   0x08006739   Thumb Code    36  strstr.o(.text)
    strcpy                                   0x0800675d   Thumb Code    72  strcpy.o(.text)
    strlen                                   0x080067a5   Thumb Code    62  strlen.o(.text)
    __aeabi_memclr                           0x080067e3   Thumb Code     0  rt_memclr.o(.text)
    __rt_memclr                              0x080067e3   Thumb Code    68  rt_memclr.o(.text)
    _memset                                  0x080067e7   Thumb Code     0  rt_memclr.o(.text)
    __aeabi_memclr4                          0x08006827   Thumb Code     0  rt_memclr_w.o(.text)
    __aeabi_memclr8                          0x08006827   Thumb Code     0  rt_memclr_w.o(.text)
    __rt_memclr_w                            0x08006827   Thumb Code    78  rt_memclr_w.o(.text)
    _memset_w                                0x0800682b   Thumb Code     0  rt_memclr_w.o(.text)
    _printf_truncate_signed                  0x08006875   Thumb Code    18  _printf_truncate.o(.text)
    _printf_truncate_unsigned                0x08006887   Thumb Code    18  _printf_truncate.o(.text)
    _printf_int_common                       0x08006899   Thumb Code   184  _printf_intcommon.o(.text)
    _printf_charcount                        0x08006951   Thumb Code    42  _printf_charcount.o(.text)
    _printf_char_common                      0x08006987   Thumb Code    32  _printf_char_common.o(.text)
    _snputc                                  0x080069ad   Thumb Code    16  _snputc.o(.text)
    _printf_cs_common                        0x080069bd   Thumb Code    20  _printf_char.o(.text)
    _printf_char                             0x080069d1   Thumb Code    16  _printf_char.o(.text)
    _printf_string                           0x080069e1   Thumb Code     8  _printf_char.o(.text)
    _printf_wctomb                           0x080069e9   Thumb Code   182  _printf_wctomb.o(.text)
    _printf_longlong_dec                     0x08006aa5   Thumb Code   104  _printf_longlong_dec.o(.text)
    _printf_longlong_oct                     0x08006b1d   Thumb Code    76  _printf_oct_int_ll.o(.text)
    _printf_int_oct                          0x08006b69   Thumb Code    24  _printf_oct_int_ll.o(.text)
    _printf_ll_oct                           0x08006b81   Thumb Code    12  _printf_oct_int_ll.o(.text)
    __user_libspace                          0x08006b95   Thumb Code     8  libspace.o(.text)
    __user_perproc_libspace                  0x08006b95   Thumb Code     0  libspace.o(.text)
    __user_perthread_libspace                0x08006b95   Thumb Code     0  libspace.o(.text)
    __rt_ctype_table                         0x08006b9d   Thumb Code    16  rt_ctype_table.o(.text)
    _ll_udiv10                               0x08006bad   Thumb Code   138  lludiv10.o(.text)
    __lib_sel_fp_printf                      0x08006c37   Thumb Code     2  _printf_fp_dec.o(.text)
    _printf_fp_dec_real                      0x08006de5   Thumb Code   626  _printf_fp_dec.o(.text)
    _printf_lcs_common                       0x08007057   Thumb Code    20  _printf_wchar.o(.text)
    _printf_wchar                            0x0800706b   Thumb Code    16  _printf_wchar.o(.text)
    _printf_wstring                          0x0800707b   Thumb Code     8  _printf_wchar.o(.text)
    _wcrtomb                                 0x08007083   Thumb Code    64  _wcrtomb.o(.text)
    __user_setup_stackheap                   0x080070c3   Thumb Code    74  sys_stackheap_outer.o(.text)
    __rt_locale                              0x0800710d   Thumb Code     8  rt_locale_intlibspace.o(.text)
    _printf_fp_infnan                        0x08007115   Thumb Code   112  _printf_fp_infnan.o(.text)
    _btod_etento                             0x08007195   Thumb Code   222  bigflt0.o(.text)
    exit                                     0x08007279   Thumb Code    12  exit.o(.text)
    strcmp                                   0x08007285   Thumb Code   128  strcmpv7m.o(.text)
    __rt_fp_status_addr                      0x08007305   Thumb Code     8  rt_fp_status_addr_intlibspace.o(.text)
    _sys_exit                                0x0800730d   Thumb Code     8  sys_exit.o(.text)
    _btod_d2e                                0x08007319   Thumb Code    62  btod.o(CL$$btod_d2e)
    _d2e_denorm_low                          0x08007357   Thumb Code    70  btod.o(CL$$btod_d2e_denorm_low)
    _d2e_norm_op1                            0x0800739d   Thumb Code    96  btod.o(CL$$btod_d2e_norm_op1)
    __btod_div_common                        0x080073fd   Thumb Code   696  btod.o(CL$$btod_div_common)
    _e2e                                     0x08007735   Thumb Code   198  btod.o(CL$$btod_e2e)
    _btod_ediv                               0x080077fb   Thumb Code    40  btod.o(CL$$btod_ediv)
    _btod_emul                               0x08007823   Thumb Code    40  btod.o(CL$$btod_emul)
    __btod_mult_common                       0x0800784b   Thumb Code   580  btod.o(CL$$btod_mult_common)
    BKP_DeInit                               0x08007b95   Thumb Code    12  stm32f10x_conf.o(i.BKP_DeInit)
    BKP_ReadBackupRegister                   0x08007ba5   Thumb Code     6  stm32f10x_conf.o(i.BKP_ReadBackupRegister)
    BKP_WriteBackupRegister                  0x08007bb1   Thumb Code     6  stm32f10x_conf.o(i.BKP_WriteBackupRegister)
    BSP_Init                                 0x08007bbd   Thumb Code    30  bsp.o(i.BSP_Init)
    DBG_Print                                0x08007d69   Thumb Code    70  app.o(i.DBG_Print)
    DMA_ClearFlag                            0x08007dbd   Thumb Code    16  stm32f10x_conf.o(i.DMA_ClearFlag)
    DMA_Cmd                                  0x08007dd5   Thumb Code    22  stm32f10x_conf.o(i.DMA_Cmd)
    DMA_GetFlagStatus                        0x08007ded   Thumb Code    24  stm32f10x_conf.o(i.DMA_GetFlagStatus)
    DMA_Init                                 0x08007e0d   Thumb Code    58  stm32f10x_conf.o(i.DMA_Init)
    FSMC_NORSRAMCmd                          0x08007f05   Thumb Code    28  stm32f10x_conf.o(i.FSMC_NORSRAMCmd)
    FSMC_NORSRAMInit                         0x08007f25   Thumb Code   192  stm32f10x_conf.o(i.FSMC_NORSRAMInit)
    GPIO_Init                                0x08008121   Thumb Code   156  stm32f10x_conf.o(i.GPIO_Init)
    GPIO_ResetBits                           0x080081bd   Thumb Code     4  stm32f10x_conf.o(i.GPIO_ResetBits)
    GPIO_SetBits                             0x080081c1   Thumb Code     4  stm32f10x_conf.o(i.GPIO_SetBits)
    GetGBKCode_from_sd                       0x080081c5   Thumb Code    98  app.o(i.GetGBKCode_from_sd)
    HardFault_Handler                        0x08008249   Thumb Code     2  stm32f10x_it.o(i.HardFault_Handler)
    LCD_MyInit                               0x08008365   Thumb Code   362  driver.o(i.LCD_MyInit)
    LCD_PutChar                              0x080084cf   Thumb Code    12  driver.o(i.LCD_PutChar)
    LCD_PutChar8x16                          0x080084dd   Thumb Code    68  driver.o(i.LCD_PutChar8x16)
    LCD_Put_AC_string                        0x08008529   Thumb Code    64  app.o(i.LCD_Put_AC_string)
    LCD_SetPos                               0x08008569   Thumb Code   148  driver.o(i.LCD_SetPos)
    LCD_Set_Ver                              0x08008601   Thumb Code    60  driver.o(i.LCD_Set_Ver)
    LCD_WR_ADD                               0x08008641   Thumb Code     8  driver.o(i.LCD_WR_ADD)
    LCD_WR_CMD                               0x08008649   Thumb Code    10  driver.o(i.LCD_WR_CMD)
    LCD_WR_DATA                              0x08008653   Thumb Code     8  driver.o(i.LCD_WR_DATA)
    LED_GPIO_Config                          0x0800865d   Thumb Code    46  driver.o(i.LED_GPIO_Config)
    Lcd_FMSC_Config                          0x08008695   Thumb Code    86  driver.o(i.Lcd_FMSC_Config)
    Lcd_GPIO_Config                          0x080086ed   Thumb Code   154  driver.o(i.Lcd_GPIO_Config)
    Lcd_Init                                 0x08008799   Thumb Code    20  driver.o(i.Lcd_Init)
    Lcd_show_bmp                             0x080087ad   Thumb Code   312  app.o(i.Lcd_show_bmp)
    MemManage_Handler                        0x08008995   Thumb Code     2  stm32f10x_it.o(i.MemManage_Handler)
    NMI_Handler                              0x08008997   Thumb Code     2  stm32f10x_it.o(i.NMI_Handler)
    NVIC_Configuration                       0x08008999   Thumb Code    38  driver.o(i.NVIC_Configuration)
    NVIC_Init                                0x080089c1   Thumb Code    90  stm32f10x_conf.o(i.NVIC_Init)
    NVIC_PriorityGroupConfig                 0x08008a25   Thumb Code    10  stm32f10x_conf.o(i.NVIC_PriorityGroupConfig)
    OSInit                                   0x08008a39   Thumb Code   208  ucos_ii.o(i.OSInit)
    OSInitHookBegin                          0x08008b45   Thumb Code     2  os_cpu_c.o(i.OSInitHookBegin)
    OSInitHookEnd                            0x08008b47   Thumb Code     2  os_cpu_c.o(i.OSInitHookEnd)
    OSIntEnter                               0x08008b49   Thumb Code    20  ucos_ii.o(i.OSIntEnter)
    OSIntExit                                0x08008b61   Thumb Code    76  ucos_ii.o(i.OSIntExit)
    OSMalloc                                 0x08008bb5   Thumb Code    94  ucos_ii.o(i.OSMalloc)
    OSMemCreate                              0x08008c19   Thumb Code   122  ucos_ii.o(i.OSMemCreate)
    OSMemGet                                 0x08008c99   Thumb Code    56  ucos_ii.o(i.OSMemGet)
    OSMemGetEx                               0x08008cd1   Thumb Code    52  app.o(i.OSMemGetEx)
    OSMemPutEx                               0x08008d2d   Thumb Code   128  app.o(i.OSMemPutEx)
    OSMutexCreate                            0x08008db1   Thumb Code   128  ucos_ii.o(i.OSMutexCreate)
    OSMutexPend                              0x08008e39   Thumb Code   464  ucos_ii.o(i.OSMutexPend)
    OSMutexPost                              0x08009011   Thumb Code   166  ucos_ii.o(i.OSMutexPost)
    OSQCreate                                0x0800912d   Thumb Code   108  ucos_ii.o(i.OSQCreate)
    OSQPend                                  0x0800919d   Thumb Code   214  ucos_ii.o(i.OSQPend)
    OSQPost                                  0x08009279   Thumb Code   112  ucos_ii.o(i.OSQPost)
    OSStart                                  0x080092e9   Thumb Code    38  ucos_ii.o(i.OSStart)
    OSTCBInitHook                            0x08009319   Thumb Code     2  os_cpu_c.o(i.OSTCBInitHook)
    OSTaskCreateExt                          0x0800931d   Thumb Code   150  ucos_ii.o(i.OSTaskCreateExt)
    OSTaskCreateHook                         0x080093bd   Thumb Code     2  os_cpu_c.o(i.OSTaskCreateHook)
    OSTaskIdleHook                           0x080093bf   Thumb Code     2  os_cpu_c.o(i.OSTaskIdleHook)
    OSTaskNameSet                            0x080093c1   Thumb Code    96  ucos_ii.o(i.OSTaskNameSet)
    OSTaskStatHook                           0x08009429   Thumb Code     2  os_cpu_c.o(i.OSTaskStatHook)
    OSTaskStkChk                             0x0800942d   Thumb Code   128  ucos_ii.o(i.OSTaskStkChk)
    OSTaskStkInit                            0x080094b5   Thumb Code   104  os_cpu_c.o(i.OSTaskStkInit)
    OSTaskSuspend                            0x0800951d   Thumb Code   158  ucos_ii.o(i.OSTaskSuspend)
    OSTaskSwHook                             0x080095c5   Thumb Code     2  os_cpu_c.o(i.OSTaskSwHook)
    OSTimeDly                                0x080095c9   Thumb Code    88  ucos_ii.o(i.OSTimeDly)
    OSTimeDlyHMSM                            0x08009625   Thumb Code   106  ucos_ii.o(i.OSTimeDlyHMSM)
    OSTimeTick                               0x08009695   Thumb Code   160  ucos_ii.o(i.OSTimeTick)
    OS_EventTaskRdy                          0x08009739   Thumb Code   112  ucos_ii.o(i.OS_EventTaskRdy)
    OS_EventTaskRemove                       0x080097b5   Thumb Code    36  ucos_ii.o(i.OS_EventTaskRemove)
    OS_EventTaskRemoveMulti                  0x080097d9   Thumb Code    48  ucos_ii.o(i.OS_EventTaskRemoveMulti)
    OS_EventTaskWait                         0x08009809   Thumb Code    80  ucos_ii.o(i.OS_EventTaskWait)
    OS_EventWaitListInit                     0x0800985d   Thumb Code    20  ucos_ii.o(i.OS_EventWaitListInit)
    OS_MemClr                                0x080098d1   Thumb Code    18  ucos_ii.o(i.OS_MemClr)
    OS_MemInit                               0x080098e5   Thumb Code    54  ucos_ii.o(i.OS_MemInit)
    OS_QInit                                 0x08009925   Thumb Code    58  ucos_ii.o(i.OS_QInit)
    OS_Sched                                 0x08009969   Thumb Code    58  ucos_ii.o(i.OS_Sched)
    OS_TCBInit                               0x080099cd   Thumb Code   222  ucos_ii.o(i.OS_TCBInit)
    OS_TaskIdle                              0x08009ab9   Thumb Code    22  ucos_ii.o(i.OS_TaskIdle)
    OS_TaskStat                              0x08009ad5   Thumb Code    82  ucos_ii.o(i.OS_TaskStat)
    OS_TaskStatStkChk                        0x08009b2d   Thumb Code    22  ucos_ii.o(i.OS_TaskStatStkChk)
    OS_TaskStkClr                            0x08009b43   Thumb Code    22  ucos_ii.o(i.OS_TaskStkClr)
    PWR_BackupAccessCmd                      0x08009b59   Thumb Code     6  stm32f10x_conf.o(i.PWR_BackupAccessCmd)
    PutChinese22                             0x08009b65   Thumb Code    86  app.o(i.PutChinese22)
    RCC_AHBPeriphClockCmd                    0x08009bc1   Thumb Code    18  stm32f10x_conf.o(i.RCC_AHBPeriphClockCmd)
    RCC_APB1PeriphClockCmd                   0x08009bd9   Thumb Code    18  stm32f10x_conf.o(i.RCC_APB1PeriphClockCmd)
    RCC_APB2PeriphClockCmd                   0x08009bf1   Thumb Code    18  stm32f10x_conf.o(i.RCC_APB2PeriphClockCmd)
    RCC_ClearFlag                            0x08009c09   Thumb Code    12  stm32f10x_conf.o(i.RCC_ClearFlag)
    RCC_GetClocksFreq                        0x08009c19   Thumb Code   134  stm32f10x_conf.o(i.RCC_GetClocksFreq)
    RCC_GetFlagStatus                        0x08009cb1   Thumb Code    42  stm32f10x_conf.o(i.RCC_GetFlagStatus)
    RCC_LSEConfig                            0x08009ce1   Thumb Code    26  stm32f10x_conf.o(i.RCC_LSEConfig)
    RCC_RTCCLKCmd                            0x08009d01   Thumb Code     6  stm32f10x_conf.o(i.RCC_RTCCLKCmd)
    RCC_RTCCLKConfig                         0x08009d0d   Thumb Code    10  stm32f10x_conf.o(i.RCC_RTCCLKConfig)
    RTC_ClearITPendingBit                    0x08009d1d   Thumb Code    10  stm32f10x_conf.o(i.RTC_ClearITPendingBit)
    RTC_Configuration                        0x08009d2d   Thumb Code   248  driver.o(i.RTC_Configuration)
    RTC_EnterConfigMode                      0x08009e29   Thumb Code    12  stm32f10x_conf.o(i.RTC_EnterConfigMode)
    RTC_ExitConfigMode                       0x08009e39   Thumb Code    12  stm32f10x_conf.o(i.RTC_ExitConfigMode)
    RTC_GetITStatus                          0x08009e49   Thumb Code    28  stm32f10x_conf.o(i.RTC_GetITStatus)
    RTC_IRQHandler                           0x08009e69   Thumb Code    36  stm32f10x_it.o(i.RTC_IRQHandler)
    RTC_ITConfig                             0x08009e91   Thumb Code    18  stm32f10x_conf.o(i.RTC_ITConfig)
    RTC_SetCounter                           0x08009ea9   Thumb Code    26  stm32f10x_conf.o(i.RTC_SetCounter)
    RTC_SetPrescaler                         0x08009ec9   Thumb Code    28  stm32f10x_conf.o(i.RTC_SetPrescaler)
    RTC_WaitForLastTask                      0x08009ee9   Thumb Code    10  stm32f10x_conf.o(i.RTC_WaitForLastTask)
    RTC_WaitForSynchro                       0x08009ef9   Thumb Code    18  stm32f10x_conf.o(i.RTC_WaitForSynchro)
    SDIO_ClearFlag                           0x08009fd1   Thumb Code     6  stm32f10x_conf.o(i.SDIO_ClearFlag)
    SDIO_ClearITPendingBit                   0x08009fdd   Thumb Code     6  stm32f10x_conf.o(i.SDIO_ClearITPendingBit)
    SDIO_ClockCmd                            0x08009fe9   Thumb Code     6  stm32f10x_conf.o(i.SDIO_ClockCmd)
    SDIO_DMACmd                              0x08009ff5   Thumb Code     6  stm32f10x_conf.o(i.SDIO_DMACmd)
    SDIO_DataConfig                          0x0800a001   Thumb Code    38  stm32f10x_conf.o(i.SDIO_DataConfig)
    SDIO_DeInit                              0x0800a02d   Thumb Code    26  stm32f10x_conf.o(i.SDIO_DeInit)
    SDIO_GetCommandResponse                  0x0800a051   Thumb Code     8  stm32f10x_conf.o(i.SDIO_GetCommandResponse)
    SDIO_GetFlagStatus                       0x0800a05d   Thumb Code    16  stm32f10x_conf.o(i.SDIO_GetFlagStatus)
    SDIO_GetITStatus                         0x0800a071   Thumb Code    16  stm32f10x_conf.o(i.SDIO_GetITStatus)
    SDIO_GetPowerState                       0x0800a085   Thumb Code    10  stm32f10x_conf.o(i.SDIO_GetPowerState)
    SDIO_GetResponse                         0x0800a095   Thumb Code     6  stm32f10x_conf.o(i.SDIO_GetResponse)
    SDIO_IRQHandler                          0x0800a0a1   Thumb Code     4  stm32f10x_it.o(i.SDIO_IRQHandler)
    SDIO_ITConfig                            0x0800a0a5   Thumb Code    18  stm32f10x_conf.o(i.SDIO_ITConfig)
    SDIO_Init                                0x0800a0bd   Thumb Code    40  stm32f10x_conf.o(i.SDIO_Init)
    SDIO_ReadData                            0x0800a0e9   Thumb Code     6  stm32f10x_conf.o(i.SDIO_ReadData)
    SDIO_SendCommand                         0x0800a0f5   Thumb Code    34  stm32f10x_conf.o(i.SDIO_SendCommand)
    SDIO_SetPowerState                       0x0800a11d   Thumb Code    18  stm32f10x_conf.o(i.SDIO_SetPowerState)
    SDIO_WriteData                           0x0800a135   Thumb Code     6  stm32f10x_conf.o(i.SDIO_WriteData)
    SD_EnableWideBusOperation                0x0800a141   Thumb Code   128  driver.o(i.SD_EnableWideBusOperation)
    SD_GetCardInfo                           0x0800a1e1   Thumb Code   612  driver.o(i.SD_GetCardInfo)
    SD_Init                                  0x0800a44d   Thumb Code   116  driver.o(i.SD_Init)
    SD_InitializeCards                       0x0800a4cd   Thumb Code   256  driver.o(i.SD_InitializeCards)
    SD_NVIC_Configuration                    0x0800a5d5   Thumb Code    40  driver.o(i.SD_NVIC_Configuration)
    SD_PowerON                               0x0800a5fd   Thumb Code   476  driver.o(i.SD_PowerON)
    SD_ProcessIRQSrc                         0x0800a7e9   Thumb Code   404  driver.o(i.SD_ProcessIRQSrc)
    SD_ReadBlock                             0x0800a981   Thumb Code   490  driver.o(i.SD_ReadBlock)
    SD_ReadMultiBlocks                       0x0800ab81   Thumb Code   574  driver.o(i.SD_ReadMultiBlocks)
    SD_SelectDeselect                        0x0800add5   Thumb Code    40  driver.o(i.SD_SelectDeselect)
    SD_SetDeviceMode                         0x0800ae01   Thumb Code    24  driver.o(i.SD_SetDeviceMode)
    SD_StopTransfer                          0x0800ae1d   Thumb Code    36  driver.o(i.SD_StopTransfer)
    SD_WriteBlock                            0x0800ae45   Thumb Code   680  driver.o(i.SD_WriteBlock)
    SD_WriteMultiBlocks                      0x0800b101   Thumb Code   744  driver.o(i.SD_WriteMultiBlocks)
    SVC_Handler                              0x0800b3fd   Thumb Code     2  stm32f10x_it.o(i.SVC_Handler)
    Sd_InitAndTest                           0x0800b3ff   Thumb Code    14  driver.o(i.Sd_InitAndTest)
    SetRtcTime                               0x0800b40d   Thumb Code    68  driver.o(i.SetRtcTime)
    SysTick_Handler                          0x0800b4e9   Thumb Code    18  stm32f10x_it.o(i.SysTick_Handler)
    SysTick_init                             0x0800b4fd   Thumb Code    44  bsp.o(i.SysTick_init)
    SystemInit                               0x0800b531   Thumb Code    62  system_stm32f10x.o(i.SystemInit)
    TASK_AppStart                            0x0800b585   Thumb Code    50  main.o(i.TASK_AppStart)
    Task_Lcd                                 0x0800b5c5   Thumb Code    88  task.o(i.Task_Lcd)
    Task_Led                                 0x0800b629   Thumb Code   124  task.o(i.Task_Led)
    Task_SdCard                              0x0800b6a9   Thumb Code   386  task.o(i.Task_SdCard)
    Test_SDCard                              0x0800b97d   Thumb Code   110  driver.o(i.Test_SDCard)
    TimeDlyms                                0x0800ba5d   Thumb Code    36  app.o(i.TimeDlyms)
    USART1_IRQHandler                        0x0800ba85   Thumb Code    58  stm32f10x_it.o(i.USART1_IRQHandler)
    USART_ClearITPendingBit                  0x0800bac5   Thumb Code    12  stm32f10x_conf.o(i.USART_ClearITPendingBit)
    USART_Cmd                                0x0800bad1   Thumb Code    20  stm32f10x_conf.o(i.USART_Cmd)
    USART_Configuration                      0x0800bae5   Thumb Code   146  driver.o(i.USART_Configuration)
    USART_GetFlagStatus                      0x0800bb81   Thumb Code    14  stm32f10x_conf.o(i.USART_GetFlagStatus)
    USART_GetITStatus                        0x0800bb8f   Thumb Code    62  stm32f10x_conf.o(i.USART_GetITStatus)
    USART_ITConfig                           0x0800bbcd   Thumb Code    48  stm32f10x_conf.o(i.USART_ITConfig)
    USART_Init                               0x0800bbfd   Thumb Code   176  stm32f10x_conf.o(i.USART_Init)
    USART_ReceiveData                        0x0800bcb1   Thumb Code     8  stm32f10x_conf.o(i.USART_ReceiveData)
    USART_SendData                           0x0800bcb9   Thumb Code     8  stm32f10x_conf.o(i.USART_SendData)
    USB_LP_CAN1_RX0_IRQHandler               0x0800bcc1   Thumb Code     2  stm32f10x_it.o(i.USB_LP_CAN1_RX0_IRQHandler)
    UsageFault_Handler                       0x0800bcc3   Thumb Code     2  stm32f10x_it.o(i.UsageFault_Handler)
    Usart1_Init                              0x0800bcc5   Thumb Code    14  driver.o(i.Usart1_Init)
    Usart1_PutChar                           0x0800bcd5   Thumb Code    26  driver.o(i.Usart1_PutChar)
    Usart1_Write                             0x0800bcf5   Thumb Code    22  driver.o(i.Usart1_Write)
    __ARM_fpclassify                         0x0800bd0b   Thumb Code    40  fpclassify.o(i.__ARM_fpclassify)
    _is_digit                                0x0800bd33   Thumb Code    14  __printf_wp.o(i._is_digit)
    bmp                                      0x0800bd41   Thumb Code    82  app.o(i.bmp)
    clust2sect                               0x0800c01d   Thumb Code    24  app.o(i.clust2sect)
    disk_initialize                          0x0800c82b   Thumb Code    26  app.o(i.disk_initialize)
    disk_read                                0x0800c845   Thumb Code    28  app.o(i.disk_read)
    disk_status                              0x0800c861   Thumb Code    20  app.o(i.disk_status)
    disk_write                               0x0800c875   Thumb Code    28  app.o(i.disk_write)
    f_close                                  0x0800c891   Thumb Code    18  app.o(i.f_close)
    f_lseek                                  0x0800c8a3   Thumb Code   306  app.o(i.f_lseek)
    f_mount                                  0x0800c9d5   Thumb Code    34  app.o(i.f_mount)
    f_open                                   0x0800c9fd   Thumb Code   296  app.o(i.f_open)
    f_opendir                                0x0800cb29   Thumb Code    82  app.o(i.f_opendir)
    f_read                                   0x0800cb81   Thumb Code   324  app.o(i.f_read)
    f_readdir                                0x0800ccc5   Thumb Code    84  app.o(i.f_readdir)
    f_sync                                   0x0800cd1d   Thumb Code   156  app.o(i.f_sync)
    f_write                                  0x0800cdb9   Thumb Code   386  app.o(i.f_write)
    ff_convert                               0x0800cf3d   Thumb Code    68  app.o(i.ff_convert)
    ff_wtoupper                              0x0800cf89   Thumb Code    28  app.o(i.ff_wtoupper)
    gen_numname                              0x0800d015   Thumb Code   120  app.o(i.gen_numname)
    get_fat                                  0x0800d08d   Thumb Code   184  app.o(i.get_fat)
    main                                     0x0800d235   Thumb Code    50  main.o(i.main)
    put_fat                                  0x0800d2fd   Thumb Code   244  app.o(i.put_fat)
    showBmpHead                              0x0800d455   Thumb Code    56  app.o(i.showBmpHead)
    showBmpInforHead                         0x0800d4e9   Thumb Code   126  app.o(i.showBmpInforHead)
    _get_lc_ctype                            0x0800d7d9   Thumb Code    44  lc_ctype_c.o(locale$$code)
    _get_lc_numeric                          0x0800d805   Thumb Code    44  lc_numeric_c.o(locale$$code)
    _fp_init                                 0x0800d831   Thumb Code    14  fpinit.o(x$fpl$fpinit)
    __fplib_config_pureend_doubles           0x0800d83d   Thumb Code     0  fpinit.o(x$fpl$fpinit)
    _printf_fp_dec                           0x0800d83f   Thumb Code     4  printf1.o(x$fpl$printf1)
    __I$use$fp                               0x0800d843   Thumb Code     0  usenofp.o(x$fpl$usenofp)
    gm_crc_ccitt_table                       0x0800d844   Data         512  app.o(.constdata)
    OSUnMapTbl                               0x08038758   Data         256  ucos_ii.o(.constdata)
    Font8x16                                 0x08038858   Data        2048  driver.o(.constdata)
    codeGB_16                                0x08039058   Data         986  driver.o(.constdata)
    Region$$Table$$Base                      0x08039508   Number         0  anon$$obj.o(Region$$Table)
    Region$$Table$$Limit                     0x08039528   Number         0  anon$$obj.o(Region$$Table)
    __ctype                                  0x08039535   Data           0  lc_ctype_c.o(locale$$data)
    g_MutexPrint                             0x20000000   Data           4  task.o(.data)
    g_QLcdDisplay                            0x20000004   Data           4  task.o(.data)
    g_ucPrintDebugFlag                       0x20000008   Data           1  app.o(.data)
    g_ulTaskDebugFlag                        0x2000000c   Data           4  app.o(.data)
    g_ulBootSecTime                          0x20000018   Data           4  app.o(.data)
    ptrSmall64MEM                            0x2000001c   Data           4  app.o(.data)
    ptrSmallMEM                              0x20000020   Data           4  app.o(.data)
    ptrMediumMEM                             0x20000024   Data           4  app.o(.data)
    ptrLargeMEM                              0x20000028   Data           4  app.o(.data)
    SystemCoreClock                          0x2000002c   Data           4  system_stm32f10x.o(.data)
    AHBPrescTable                            0x20000030   Data          16  system_stm32f10x.o(.data)
    OSCPUUsage                               0x20000054   Data           1  ucos_ii.o(.data)
    OSStatRdy                                0x20000055   Data           1  ucos_ii.o(.data)
    OSIntNesting                             0x20000056   Data           1  ucos_ii.o(.data)
    OSLockNesting                            0x20000057   Data           1  ucos_ii.o(.data)
    OSPrioCur                                0x20000058   Data           1  ucos_ii.o(.data)
    OSPrioHighRdy                            0x20000059   Data           1  ucos_ii.o(.data)
    OSRdyGrp                                 0x2000005a   Data           1  ucos_ii.o(.data)
    OSRunning                                0x2000005b   Data           1  ucos_ii.o(.data)
    OSTaskCtr                                0x2000005c   Data           1  ucos_ii.o(.data)
    OSTickStepState                          0x2000005d   Data           1  ucos_ii.o(.data)
    OSCtxSwCtr                               0x20000060   Data           4  ucos_ii.o(.data)
    OSEventFreeList                          0x20000064   Data           4  ucos_ii.o(.data)
    OSIdleCtrMax                             0x20000068   Data           4  ucos_ii.o(.data)
    OSIdleCtrRun                             0x2000006c   Data           4  ucos_ii.o(.data)
    OSIdleCtr                                0x20000070   Data           4  ucos_ii.o(.data)
    OSTCBCur                                 0x20000074   Data           4  ucos_ii.o(.data)
    OSTCBFreeList                            0x20000078   Data           4  ucos_ii.o(.data)
    OSTCBHighRdy                             0x2000007c   Data           4  ucos_ii.o(.data)
    OSTCBList                                0x20000080   Data           4  ucos_ii.o(.data)
    OSMemFreeList                            0x20000084   Data           4  ucos_ii.o(.data)
    OSQFreeList                              0x20000088   Data           4  ucos_ii.o(.data)
    OSTime                                   0x2000008c   Data           4  ucos_ii.o(.data)
    OSRdyTbl                                 0x20000090   Data           5  ucos_ii.o(.data)
    TransferError                            0x20000098   Data           1  driver.o(.data)
    char_or_word                             0x20000099   Data           1  driver.o(.data)
    horizontal_or_vertical                   0x2000009a   Data           1  driver.o(.data)
    TransferEnd                              0x200000b0   Data           4  driver.o(.data)
    NumberOfBytes                            0x200000b4   Data           4  driver.o(.data)
    SrcBuffer                                0x200000b8   Data           4  driver.o(.data)
    DestBuffer                               0x200000bc   Data           4  driver.o(.data)
    g_aucSmall64Mem                          0x200000c0   Data        1024  main.o(.bss)
    g_aucSmallMem                            0x200004c0   Data        2048  main.o(.bss)
    g_aucMediumMem                           0x20000cc0   Data        4096  main.o(.bss)
    g_aucLargeMem                            0x20001cc0   Data        8064  main.o(.bss)
    fs                                       0x20004ac0   Data        1120  app.o(.bss)
    LCDQueue                                 0x20005564   Data          64  app.o(.bss)
    OSEventTbl                               0x200055a4   Data         512  ucos_ii.o(.bss)
    OSTaskStatStk                            0x200057a4   Data         512  ucos_ii.o(.bss)
    OSTaskIdleStk                            0x200059a4   Data         512  ucos_ii.o(.bss)
    OSTCBPrioTbl                             0x20005ba4   Data         132  ucos_ii.o(.bss)
    OSTCBTbl                                 0x20005c28   Data        1920  ucos_ii.o(.bss)
    OSMemTbl                                 0x200063a8   Data         144  ucos_ii.o(.bss)
    OSQTbl                                   0x20006438   Data          96  ucos_ii.o(.bss)
    SDIO_InitStructure                       0x200064b8   Data          24  driver.o(.bss)
    SDIO_CmdInitStructure                    0x200064d0   Data          20  driver.o(.bss)
    SDIO_DataInitStructure                   0x200064e4   Data          24  driver.o(.bss)
    __libspace_start                         0x200064fc   Data          96  libspace.o(.bss)
    __temporary_stack_top$libspace           0x2000655c   Data           0  libspace.o(.bss)



==============================================================================

Memory Map of the image

  Image Entry point : 0x08006131

  Load Region LR_IROM1 (Base: 0x08006000, Size: 0x00033714, Max: 0x0007a000, ABSOLUTE)

    Execution Region ER_IROM1 (Base: 0x08006000, Size: 0x00033654, Max: 0x0007a000, ABSOLUTE)

    Base Addr    Size         Type   Attr      Idx    E Section Name        Object

    0x08006000   0x00000130   Data   RO            3    RESET               startup_stm32f10x_hd.o
    0x08006130   0x00000008   Code   RO         3048  * !!!main             c_w.l(__main.o)
    0x08006138   0x00000034   Code   RO         3328    !!!scatter          c_w.l(__scatter.o)
    0x0800616c   0x0000001a   Code   RO         3330    !!handler_copy      c_w.l(__scatter_copy.o)
    0x08006186   0x00000002   PAD
    0x08006188   0x0000001c   Code   RO         3332    !!handler_zi        c_w.l(__scatter_zi.o)
    0x080061a4   0x00000006   Code   RO         3194    .ARM.Collect$$libinit$$00000000  c_w.l(libinit.o)
    0x080061aa   0x00000000   Code   RO         3206    .ARM.Collect$$libinit$$00000006  c_w.l(libinit2.o)
    0x080061aa   0x00000000   Code   RO         3208    .ARM.Collect$$libinit$$00000008  c_w.l(libinit2.o)
    0x080061aa   0x00000000   Code   RO         3210    .ARM.Collect$$libinit$$0000000A  c_w.l(libinit2.o)
    0x080061aa   0x00000006   Code   RO         3211    .ARM.Collect$$libinit$$0000000B  c_w.l(libinit2.o)
    0x080061b0   0x00000000   Code   RO         3213    .ARM.Collect$$libinit$$0000000D  c_w.l(libinit2.o)
    0x080061b0   0x0000000c   Code   RO         3214    .ARM.Collect$$libinit$$0000000E  c_w.l(libinit2.o)
    0x080061bc   0x00000000   Code   RO         3215    .ARM.Collect$$libinit$$0000000F  c_w.l(libinit2.o)
    0x080061bc   0x00000000   Code   RO         3217    .ARM.Collect$$libinit$$00000011  c_w.l(libinit2.o)
    0x080061bc   0x0000000a   Code   RO         3218    .ARM.Collect$$libinit$$00000012  c_w.l(libinit2.o)
    0x080061c6   0x00000000   Code   RO         3219    .ARM.Collect$$libinit$$00000013  c_w.l(libinit2.o)
    0x080061c6   0x00000000   Code   RO         3221    .ARM.Collect$$libinit$$00000015  c_w.l(libinit2.o)
    0x080061c6   0x00000000   Code   RO         3223    .ARM.Collect$$libinit$$00000017  c_w.l(libinit2.o)
    0x080061c6   0x00000000   Code   RO         3225    .ARM.Collect$$libinit$$00000019  c_w.l(libinit2.o)
    0x080061c6   0x00000000   Code   RO         3227    .ARM.Collect$$libinit$$0000001B  c_w.l(libinit2.o)
    0x080061c6   0x00000000   Code   RO         3229    .ARM.Collect$$libinit$$0000001D  c_w.l(libinit2.o)
    0x080061c6   0x00000000   Code   RO         3231    .ARM.Collect$$libinit$$0000001F  c_w.l(libinit2.o)
    0x080061c6   0x00000000   Code   RO         3233    .ARM.Collect$$libinit$$00000021  c_w.l(libinit2.o)
    0x080061c6   0x00000000   Code   RO         3237    .ARM.Collect$$libinit$$00000028  c_w.l(libinit2.o)
    0x080061c6   0x00000000   Code   RO         3239    .ARM.Collect$$libinit$$0000002A  c_w.l(libinit2.o)
    0x080061c6   0x00000000   Code   RO         3241    .ARM.Collect$$libinit$$0000002C  c_w.l(libinit2.o)
    0x080061c6   0x00000000   Code   RO         3243    .ARM.Collect$$libinit$$0000002E  c_w.l(libinit2.o)
    0x080061c6   0x00000002   Code   RO         3244    .ARM.Collect$$libinit$$0000002F  c_w.l(libinit2.o)
    0x080061c8   0x00000002   Code   RO         3269    .ARM.Collect$$libshutdown$$00000000  c_w.l(libshutdown.o)
    0x080061ca   0x00000000   Code   RO         3283    .ARM.Collect$$libshutdown$$00000003  c_w.l(libshutdown2.o)
    0x080061ca   0x00000000   Code   RO         3286    .ARM.Collect$$libshutdown$$00000006  c_w.l(libshutdown2.o)
    0x080061ca   0x00000000   Code   RO         3289    .ARM.Collect$$libshutdown$$00000009  c_w.l(libshutdown2.o)
    0x080061ca   0x00000000   Code   RO         3291    .ARM.Collect$$libshutdown$$0000000B  c_w.l(libshutdown2.o)
    0x080061ca   0x00000000   Code   RO         3294    .ARM.Collect$$libshutdown$$0000000E  c_w.l(libshutdown2.o)
    0x080061ca   0x00000002   Code   RO         3295    .ARM.Collect$$libshutdown$$0000000F  c_w.l(libshutdown2.o)
    0x080061cc   0x00000000   Code   RO         3050    .ARM.Collect$$rtentry$$00000000  c_w.l(rtentry.o)
    0x080061cc   0x00000000   Code   RO         3115    .ARM.Collect$$rtentry$$00000002  c_w.l(rtentry2.o)
    0x080061cc   0x00000006   Code   RO         3127    .ARM.Collect$$rtentry$$00000004  c_w.l(rtentry4.o)
    0x080061d2   0x00000000   Code   RO         3117    .ARM.Collect$$rtentry$$00000009  c_w.l(rtentry2.o)
    0x080061d2   0x00000004   Code   RO         3118    .ARM.Collect$$rtentry$$0000000A  c_w.l(rtentry2.o)
    0x080061d6   0x00000000   Code   RO         3120    .ARM.Collect$$rtentry$$0000000C  c_w.l(rtentry2.o)
    0x080061d6   0x00000008   Code   RO         3121    .ARM.Collect$$rtentry$$0000000D  c_w.l(rtentry2.o)
    0x080061de   0x00000002   Code   RO         3200    .ARM.Collect$$rtexit$$00000000  c_w.l(rtexit.o)
    0x080061e0   0x00000000   Code   RO         3248    .ARM.Collect$$rtexit$$00000002  c_w.l(rtexit2.o)
    0x080061e0   0x00000004   Code   RO         3249    .ARM.Collect$$rtexit$$00000003  c_w.l(rtexit2.o)
    0x080061e4   0x00000006   Code   RO         3250    .ARM.Collect$$rtexit$$00000004  c_w.l(rtexit2.o)
    0x080061ea   0x00000006   Code   RO         3046    .text               c_w.l(heapauxi.o)
    0x080061f0   0x0000000a   Code   RO         3064    .text               c_w.l(_sputc.o)
    0x080061fa   0x00000002   Code   RO         3272    .text               c_w.l(use_no_semi.o)
    0x080061fc   0x00000000   Code   RO         3274    .text               c_w.l(indicate_semi.o)
    0x080061fc   0x00000002   Code   RO          190    i.BusFault_Handler  stm32f10x_it.o
    0x080061fe   0x00000002   Code   RO          191    i.DebugMon_Handler  stm32f10x_it.o
    0x08006200   0x00000020   Data   RO           14    .ARM.__AT_0x08006200  main.o
    0x08006220   0x00000000   Code   RO         3023    .ARM.Collect$$_printf_percent$$00000000  c_w.l(_printf_percent.o)
    0x08006220   0x00000006   Code   RO         3082    .ARM.Collect$$_printf_percent$$00000001  c_w.l(_printf_n.o)
    0x08006226   0x00000006   Code   RO         3083    .ARM.Collect$$_printf_percent$$00000002  c_w.l(_printf_p.o)
    0x0800622c   0x00000006   Code   RO         3087    .ARM.Collect$$_printf_percent$$00000003  c_w.l(_printf_f.o)
    0x08006232   0x00000006   Code   RO         3088    .ARM.Collect$$_printf_percent$$00000004  c_w.l(_printf_e.o)
    0x08006238   0x00000006   Code   RO         3089    .ARM.Collect$$_printf_percent$$00000005  c_w.l(_printf_g.o)
    0x0800623e   0x00000006   Code   RO         3090    .ARM.Collect$$_printf_percent$$00000006  c_w.l(_printf_a.o)
    0x08006244   0x0000000a   Code   RO         3095    .ARM.Collect$$_printf_percent$$00000007  c_w.l(_printf_ll.o)
    0x0800624e   0x00000006   Code   RO         3085    .ARM.Collect$$_printf_percent$$00000008  c_w.l(_printf_i.o)
    0x08006254   0x00000006   Code   RO         3022    .ARM.Collect$$_printf_percent$$00000009  c_w.l(_printf_d.o)
    0x0800625a   0x00000006   Code   RO         3086    .ARM.Collect$$_printf_percent$$0000000A  c_w.l(_printf_u.o)
    0x08006260   0x00000006   Code   RO         3084    .ARM.Collect$$_printf_percent$$0000000B  c_w.l(_printf_o.o)
    0x08006266   0x00000006   Code   RO         3021    .ARM.Collect$$_printf_percent$$0000000C  c_w.l(_printf_x.o)
    0x0800626c   0x00000006   Code   RO         3092    .ARM.Collect$$_printf_percent$$0000000D  c_w.l(_printf_lli.o)
    0x08006272   0x00000006   Code   RO         3093    .ARM.Collect$$_printf_percent$$0000000E  c_w.l(_printf_lld.o)
    0x08006278   0x00000006   Code   RO         3094    .ARM.Collect$$_printf_percent$$0000000F  c_w.l(_printf_llu.o)
    0x0800627e   0x00000006   Code   RO         3099    .ARM.Collect$$_printf_percent$$00000010  c_w.l(_printf_llo.o)
    0x08006284   0x00000006   Code   RO         3100    .ARM.Collect$$_printf_percent$$00000011  c_w.l(_printf_llx.o)
    0x0800628a   0x0000000a   Code   RO         3096    .ARM.Collect$$_printf_percent$$00000012  c_w.l(_printf_l.o)
    0x08006294   0x00000006   Code   RO         3081    .ARM.Collect$$_printf_percent$$00000013  c_w.l(_printf_c.o)
    0x0800629a   0x00000006   Code   RO         3020    .ARM.Collect$$_printf_percent$$00000014  c_w.l(_printf_s.o)
    0x080062a0   0x00000006   Code   RO         3097    .ARM.Collect$$_printf_percent$$00000015  c_w.l(_printf_lc.o)
    0x080062a6   0x00000006   Code   RO         3098    .ARM.Collect$$_printf_percent$$00000016  c_w.l(_printf_ls.o)
    0x080062ac   0x00000004   Code   RO         3091    .ARM.Collect$$_printf_percent$$00000017  c_w.l(_printf_percent_end.o)
    0x080062b0   0x00000040   Code   RO            4    .text               startup_stm32f10x_hd.o
    0x080062f0   0x000000a4   Code   RO         2502    .text               os_cpu_a.o
    0x08006394   0x00000034   Code   RO         2961    .text               c_w.l(c89vsnprintf.o)
    0x080063c8   0x0000002c   Code   RO         2963    .text               c_w.l(__2sprintf.o)
    0x080063f4   0x00000052   Code   RO         2973    .text               c_w.l(_printf_pad.o)
    0x08006446   0x00000052   Code   RO         2975    .text               c_w.l(_printf_str.o)
    0x08006498   0x00000078   Code   RO         2977    .text               c_w.l(_printf_dec.o)
    0x08006510   0x0000009c   Code   RO         2997    .text               c_w.l(_printf_hex_int_ll_ptr.o)
    0x080065ac   0x0000018c   Code   RO         3017    .text               c_w.l(__printf_flags_ss_wp.o)
    0x08006738   0x00000024   Code   RO         3030    .text               c_w.l(strstr.o)
    0x0800675c   0x00000048   Code   RO         3034    .text               c_w.l(strcpy.o)
    0x080067a4   0x0000003e   Code   RO         3036    .text               c_w.l(strlen.o)
    0x080067e2   0x00000044   Code   RO         3042    .text               c_w.l(rt_memclr.o)
    0x08006826   0x0000004e   Code   RO         3044    .text               c_w.l(rt_memclr_w.o)
    0x08006874   0x00000024   Code   RO         3056    .text               c_w.l(_printf_truncate.o)
    0x08006898   0x000000b8   Code   RO         3058    .text               c_w.l(_printf_intcommon.o)
    0x08006950   0x0000002a   Code   RO         3060    .text               c_w.l(_printf_charcount.o)
    0x0800697a   0x00000002   PAD
    0x0800697c   0x00000030   Code   RO         3062    .text               c_w.l(_printf_char_common.o)
    0x080069ac   0x00000010   Code   RO         3066    .text               c_w.l(_snputc.o)
    0x080069bc   0x0000002c   Code   RO         3068    .text               c_w.l(_printf_char.o)
    0x080069e8   0x000000bc   Code   RO         3070    .text               c_w.l(_printf_wctomb.o)
    0x08006aa4   0x00000078   Code   RO         3073    .text               c_w.l(_printf_longlong_dec.o)
    0x08006b1c   0x00000078   Code   RO         3079    .text               c_w.l(_printf_oct_int_ll.o)
    0x08006b94   0x00000008   Code   RO         3111    .text               c_w.l(libspace.o)
    0x08006b9c   0x00000010   Code   RO         3129    .text               c_w.l(rt_ctype_table.o)
    0x08006bac   0x0000008a   Code   RO         3131    .text               c_w.l(lludiv10.o)
    0x08006c36   0x00000420   Code   RO         3135    .text               c_w.l(_printf_fp_dec.o)
    0x08007056   0x0000002c   Code   RO         3139    .text               c_w.l(_printf_wchar.o)
    0x08007082   0x00000040   Code   RO         3145    .text               c_w.l(_wcrtomb.o)
    0x080070c2   0x0000004a   Code   RO         3147    .text               c_w.l(sys_stackheap_outer.o)
    0x0800710c   0x00000008   Code   RO         3152    .text               c_w.l(rt_locale_intlibspace.o)
    0x08007114   0x00000080   Code   RO         3154    .text               c_w.l(_printf_fp_infnan.o)
    0x08007194   0x000000e4   Code   RO         3156    .text               c_w.l(bigflt0.o)
    0x08007278   0x0000000c   Code   RO         3187    .text               c_w.l(exit.o)
    0x08007284   0x00000080   Code   RO         3202    .text               c_w.l(strcmpv7m.o)
    0x08007304   0x00000008   Code   RO         3257    .text               c_w.l(rt_fp_status_addr_intlibspace.o)
    0x0800730c   0x0000000c   Code   RO         3261    .text               c_w.l(sys_exit.o)
    0x08007318   0x0000003e   Code   RO         3159    CL$$btod_d2e        c_w.l(btod.o)
    0x08007356   0x00000046   Code   RO         3161    CL$$btod_d2e_denorm_low  c_w.l(btod.o)
    0x0800739c   0x00000060   Code   RO         3160    CL$$btod_d2e_norm_op1  c_w.l(btod.o)
    0x080073fc   0x00000338   Code   RO         3169    CL$$btod_div_common  c_w.l(btod.o)
    0x08007734   0x000000c6   Code   RO         3166    CL$$btod_e2e        c_w.l(btod.o)
    0x080077fa   0x00000028   Code   RO         3163    CL$$btod_ediv       c_w.l(btod.o)
    0x08007822   0x00000028   Code   RO         3162    CL$$btod_emul       c_w.l(btod.o)
    0x0800784a   0x00000244   Code   RO         3168    CL$$btod_mult_common  c_w.l(btod.o)
    0x08007a8e   0x00000002   PAD
    0x08007a90   0x00000084   Code   RO           10    i.AppMemCreate      main.o
    0x08007b14   0x00000080   Code   RO           11    i.AppTaskCreate     main.o
    0x08007b94   0x00000010   Code   RO          959    i.BKP_DeInit        stm32f10x_conf.o
    0x08007ba4   0x0000000c   Code   RO          964    i.BKP_ReadBackupRegister  stm32f10x_conf.o
    0x08007bb0   0x0000000c   Code   RO          968    i.BKP_WriteBackupRegister  stm32f10x_conf.o
    0x08007bbc   0x0000001e   Code   RO          935    i.BSP_Init          bsp.o
    0x08007bda   0x00000002   PAD
    0x08007bdc   0x000000e8   Code   RO         2587    i.CmdResp1Error     driver.o
    0x08007cc4   0x00000034   Code   RO         2588    i.CmdResp2Error     driver.o
    0x08007cf8   0x00000070   Code   RO         2589    i.CmdResp6Error     driver.o
    0x08007d68   0x00000054   Code   RO          329    i.DBG_Print         app.o
    0x08007dbc   0x00000018   Code   RO          969    i.DMA_ClearFlag     stm32f10x_conf.o
    0x08007dd4   0x00000016   Code   RO          971    i.DMA_Cmd           stm32f10x_conf.o
    0x08007dea   0x00000002   PAD
    0x08007dec   0x00000020   Code   RO          974    i.DMA_GetFlagStatus  stm32f10x_conf.o
    0x08007e0c   0x0000003a   Code   RO          977    i.DMA_Init          stm32f10x_conf.o
    0x08007e46   0x00000002   PAD
    0x08007e48   0x0000005c   Code   RO         2590    i.DMA_RxConfiguration  driver.o
    0x08007ea4   0x00000060   Code   RO         2591    i.DMA_TxConfiguration  driver.o
    0x08007f04   0x00000020   Code   RO          999    i.FSMC_NORSRAMCmd   stm32f10x_conf.o
    0x08007f24   0x000000c0   Code   RO         1001    i.FSMC_NORSRAMInit  stm32f10x_conf.o
    0x08007fe4   0x0000013c   Code   RO         2592    i.FindSCR           driver.o
    0x08008120   0x0000009c   Code   RO         1013    i.GPIO_Init         stm32f10x_conf.o
    0x080081bc   0x00000004   Code   RO         1020    i.GPIO_ResetBits    stm32f10x_conf.o
    0x080081c0   0x00000004   Code   RO         1021    i.GPIO_SetBits      stm32f10x_conf.o
    0x080081c4   0x00000084   Code   RO          334    i.GetGBKCode_from_sd  app.o
    0x08008248   0x00000002   Code   RO          193    i.HardFault_Handler  stm32f10x_it.o
    0x0800824a   0x00000002   PAD
    0x0800824c   0x00000118   Code   RO         2593    i.IsCardProgramming  driver.o
    0x08008364   0x0000016a   Code   RO         2597    i.LCD_MyInit        driver.o
    0x080084ce   0x0000000c   Code   RO         2598    i.LCD_PutChar       driver.o
    0x080084da   0x00000002   PAD
    0x080084dc   0x0000004c   Code   RO         2599    i.LCD_PutChar8x16   driver.o
    0x08008528   0x00000040   Code   RO          339    i.LCD_Put_AC_string  app.o
    0x08008568   0x00000098   Code   RO         2603    i.LCD_SetPos        driver.o
    0x08008600   0x00000040   Code   RO         2605    i.LCD_Set_Ver       driver.o
    0x08008640   0x00000008   Code   RO         2607    i.LCD_WR_ADD        driver.o
    0x08008648   0x0000000a   Code   RO         2608    i.LCD_WR_CMD        driver.o
    0x08008652   0x00000008   Code   RO         2609    i.LCD_WR_DATA       driver.o
    0x0800865a   0x00000002   PAD
    0x0800865c   0x00000038   Code   RO         2610    i.LED_GPIO_Config   driver.o
    0x08008694   0x00000056   Code   RO         2612    i.Lcd_FMSC_Config   driver.o
    0x080086ea   0x00000002   PAD
    0x080086ec   0x000000ac   Code   RO         2613    i.Lcd_GPIO_Config   driver.o
    0x08008798   0x00000014   Code   RO         2614    i.Lcd_Init          driver.o
    0x080087ac   0x000001e8   Code   RO          340    i.Lcd_show_bmp      app.o
    0x08008994   0x00000002   Code   RO          194    i.MemManage_Handler  stm32f10x_it.o
    0x08008996   0x00000002   Code   RO          195    i.NMI_Handler       stm32f10x_it.o
    0x08008998   0x00000026   Code   RO         2615    i.NVIC_Configuration  driver.o
    0x080089be   0x00000002   PAD
    0x080089c0   0x00000064   Code   RO         1025    i.NVIC_Init         stm32f10x_conf.o
    0x08008a24   0x00000014   Code   RO         1026    i.NVIC_PriorityGroupConfig  stm32f10x_conf.o
    0x08008a38   0x0000010c   Code   RO         2118    i.OSInit            ucos_ii.o
    0x08008b44   0x00000002   Code   RO         2505    i.OSInitHookBegin   os_cpu_c.o
    0x08008b46   0x00000002   Code   RO         2506    i.OSInitHookEnd     os_cpu_c.o
    0x08008b48   0x00000018   Code   RO         2119    i.OSIntEnter        ucos_ii.o
    0x08008b60   0x00000054   Code   RO         2120    i.OSIntExit         ucos_ii.o
    0x08008bb4   0x00000064   Code   RO         2121    i.OSMalloc          ucos_ii.o
    0x08008c18   0x00000080   Code   RO         2122    i.OSMemCreate       ucos_ii.o
    0x08008c98   0x00000038   Code   RO         2123    i.OSMemGet          ucos_ii.o
    0x08008cd0   0x0000005c   Code   RO          341    i.OSMemGetEx        app.o
    0x08008d2c   0x00000084   Code   RO          342    i.OSMemPutEx        app.o
    0x08008db0   0x00000088   Code   RO         2125    i.OSMutexCreate     ucos_ii.o
    0x08008e38   0x000001d8   Code   RO         2126    i.OSMutexPend       ucos_ii.o
    0x08009010   0x000000b0   Code   RO         2127    i.OSMutexPost       ucos_ii.o
    0x080090c0   0x0000006c   Code   RO         2129    i.OSMutex_RdyAtPrio  ucos_ii.o
    0x0800912c   0x00000070   Code   RO         2130    i.OSQCreate         ucos_ii.o
    0x0800919c   0x000000dc   Code   RO         2131    i.OSQPend           ucos_ii.o
    0x08009278   0x00000070   Code   RO         2132    i.OSQPost           ucos_ii.o
    0x080092e8   0x00000030   Code   RO         2138    i.OSStart           ucos_ii.o
    0x08009318   0x00000002   Code   RO         2507    i.OSTCBInitHook     os_cpu_c.o
    0x0800931a   0x00000002   PAD
    0x0800931c   0x000000a0   Code   RO         2141    i.OSTaskCreateExt   ucos_ii.o
    0x080093bc   0x00000002   Code   RO         2508    i.OSTaskCreateHook  os_cpu_c.o
    0x080093be   0x00000002   Code   RO         2510    i.OSTaskIdleHook    os_cpu_c.o
    0x080093c0   0x00000068   Code   RO         2145    i.OSTaskNameSet     ucos_ii.o
    0x08009428   0x00000002   Code   RO         2512    i.OSTaskStatHook    os_cpu_c.o
    0x0800942a   0x00000002   PAD
    0x0800942c   0x00000088   Code   RO         2149    i.OSTaskStkChk      ucos_ii.o
    0x080094b4   0x00000068   Code   RO         2513    i.OSTaskStkInit     os_cpu_c.o
    0x0800951c   0x000000a8   Code   RO         2150    i.OSTaskSuspend     ucos_ii.o
    0x080095c4   0x00000002   Code   RO         2514    i.OSTaskSwHook      os_cpu_c.o
    0x080095c6   0x00000002   PAD
    0x080095c8   0x0000005c   Code   RO         2151    i.OSTimeDly         ucos_ii.o
    0x08009624   0x00000070   Code   RO         2152    i.OSTimeDlyHMSM     ucos_ii.o
    0x08009694   0x000000a4   Code   RO         2155    i.OSTimeTick        ucos_ii.o
    0x08009738   0x0000007c   Code   RO         2158    i.OS_EventTaskRdy   ucos_ii.o
    0x080097b4   0x00000024   Code   RO         2159    i.OS_EventTaskRemove  ucos_ii.o
    0x080097d8   0x00000030   Code   RO         2160    i.OS_EventTaskRemoveMulti  ucos_ii.o
    0x08009808   0x00000054   Code   RO         2161    i.OS_EventTaskWait  ucos_ii.o
    0x0800985c   0x00000014   Code   RO         2163    i.OS_EventWaitListInit  ucos_ii.o
    0x08009870   0x00000060   Code   RO         2164    i.OS_InitTCBList    ucos_ii.o
    0x080098d0   0x00000012   Code   RO         2165    i.OS_MemClr         ucos_ii.o
    0x080098e2   0x00000002   PAD
    0x080098e4   0x00000040   Code   RO         2167    i.OS_MemInit        ucos_ii.o
    0x08009924   0x00000044   Code   RO         2168    i.OS_QInit          ucos_ii.o
    0x08009968   0x00000044   Code   RO         2169    i.OS_Sched          ucos_ii.o
    0x080099ac   0x00000020   Code   RO         2170    i.OS_SchedNew       ucos_ii.o
    0x080099cc   0x000000ec   Code   RO         2172    i.OS_TCBInit        ucos_ii.o
    0x08009ab8   0x0000001c   Code   RO         2173    i.OS_TaskIdle       ucos_ii.o
    0x08009ad4   0x00000058   Code   RO         2175    i.OS_TaskStat       ucos_ii.o
    0x08009b2c   0x00000016   Code   RO         2176    i.OS_TaskStatStkChk  ucos_ii.o
    0x08009b42   0x00000016   Code   RO         2177    i.OS_TaskStkClr     ucos_ii.o
    0x08009b58   0x0000000c   Code   RO         1029    i.PWR_BackupAccessCmd  stm32f10x_conf.o
    0x08009b64   0x0000005c   Code   RO          346    i.PutChinese22      app.o
    0x08009bc0   0x00000018   Code   RO         1039    i.RCC_AHBPeriphClockCmd  stm32f10x_conf.o
    0x08009bd8   0x00000018   Code   RO         1040    i.RCC_APB1PeriphClockCmd  stm32f10x_conf.o
    0x08009bf0   0x00000018   Code   RO         1042    i.RCC_APB2PeriphClockCmd  stm32f10x_conf.o
    0x08009c08   0x00000010   Code   RO         1046    i.RCC_ClearFlag     stm32f10x_conf.o
    0x08009c18   0x00000098   Code   RO         1050    i.RCC_GetClocksFreq  stm32f10x_conf.o
    0x08009cb0   0x00000030   Code   RO         1051    i.RCC_GetFlagStatus  stm32f10x_conf.o
    0x08009ce0   0x00000020   Code   RO         1058    i.RCC_LSEConfig     stm32f10x_conf.o
    0x08009d00   0x0000000c   Code   RO         1065    i.RCC_RTCCLKCmd     stm32f10x_conf.o
    0x08009d0c   0x00000010   Code   RO         1066    i.RCC_RTCCLKConfig  stm32f10x_conf.o
    0x08009d1c   0x00000010   Code   RO         1071    i.RTC_ClearITPendingBit  stm32f10x_conf.o
    0x08009d2c   0x000000fc   Code   RO         2616    i.RTC_Configuration  driver.o
    0x08009e28   0x00000010   Code   RO         1072    i.RTC_EnterConfigMode  stm32f10x_conf.o
    0x08009e38   0x00000010   Code   RO         1073    i.RTC_ExitConfigMode  stm32f10x_conf.o
    0x08009e48   0x00000020   Code   RO         1077    i.RTC_GetITStatus   stm32f10x_conf.o
    0x08009e68   0x00000028   Code   RO          197    i.RTC_IRQHandler    stm32f10x_it.o
    0x08009e90   0x00000018   Code   RO         1078    i.RTC_ITConfig      stm32f10x_conf.o
    0x08009ea8   0x00000020   Code   RO         1080    i.RTC_SetCounter    stm32f10x_conf.o
    0x08009ec8   0x00000020   Code   RO         1081    i.RTC_SetPrescaler  stm32f10x_conf.o
    0x08009ee8   0x00000010   Code   RO         1082    i.RTC_WaitForLastTask  stm32f10x_conf.o
    0x08009ef8   0x00000018   Code   RO         1083    i.RTC_WaitForSynchro  stm32f10x_conf.o
    0x08009f10   0x000000c0   Code   RO         2618    i.SDEnWideBus       driver.o
    0x08009fd0   0x0000000c   Code   RO         1085    i.SDIO_ClearFlag    stm32f10x_conf.o
    0x08009fdc   0x0000000c   Code   RO         1086    i.SDIO_ClearITPendingBit  stm32f10x_conf.o
    0x08009fe8   0x0000000c   Code   RO         1087    i.SDIO_ClockCmd     stm32f10x_conf.o
    0x08009ff4   0x0000000c   Code   RO         1090    i.SDIO_DMACmd       stm32f10x_conf.o
    0x0800a000   0x0000002c   Code   RO         1091    i.SDIO_DataConfig   stm32f10x_conf.o
    0x0800a02c   0x00000024   Code   RO         1093    i.SDIO_DeInit       stm32f10x_conf.o
    0x0800a050   0x0000000c   Code   RO         1094    i.SDIO_GetCommandResponse  stm32f10x_conf.o
    0x0800a05c   0x00000014   Code   RO         1097    i.SDIO_GetFlagStatus  stm32f10x_conf.o
    0x0800a070   0x00000014   Code   RO         1098    i.SDIO_GetITStatus  stm32f10x_conf.o
    0x0800a084   0x00000010   Code   RO         1099    i.SDIO_GetPowerState  stm32f10x_conf.o
    0x0800a094   0x0000000c   Code   RO         1100    i.SDIO_GetResponse  stm32f10x_conf.o
    0x0800a0a0   0x00000004   Code   RO          198    i.SDIO_IRQHandler   stm32f10x_it.o
    0x0800a0a4   0x00000018   Code   RO         1101    i.SDIO_ITConfig     stm32f10x_conf.o
    0x0800a0bc   0x0000002c   Code   RO         1102    i.SDIO_Init         stm32f10x_conf.o
    0x0800a0e8   0x0000000c   Code   RO         1103    i.SDIO_ReadData     stm32f10x_conf.o
    0x0800a0f4   0x00000028   Code   RO         1105    i.SDIO_SendCommand  stm32f10x_conf.o
    0x0800a11c   0x00000018   Code   RO         1107    i.SDIO_SetPowerState  stm32f10x_conf.o
    0x0800a134   0x0000000c   Code   RO         1113    i.SDIO_WriteData    stm32f10x_conf.o
    0x0800a140   0x000000a0   Code   RO         2619    i.SD_EnableWideBusOperation  driver.o
    0x0800a1e0   0x0000026c   Code   RO         2621    i.SD_GetCardInfo    driver.o
    0x0800a44c   0x00000080   Code   RO         2623    i.SD_Init           driver.o
    0x0800a4cc   0x00000108   Code   RO         2624    i.SD_InitializeCards  driver.o
    0x0800a5d4   0x00000028   Code   RO         2625    i.SD_NVIC_Configuration  driver.o
    0x0800a5fc   0x000001ec   Code   RO         2627    i.SD_PowerON        driver.o
    0x0800a7e8   0x00000198   Code   RO         2628    i.SD_ProcessIRQSrc  driver.o
    0x0800a980   0x00000200   Code   RO         2629    i.SD_ReadBlock      driver.o
    0x0800ab80   0x00000254   Code   RO         2630    i.SD_ReadMultiBlocks  driver.o
    0x0800add4   0x0000002c   Code   RO         2631    i.SD_SelectDeselect  driver.o
    0x0800ae00   0x0000001c   Code   RO         2634    i.SD_SetDeviceMode  driver.o
    0x0800ae1c   0x00000028   Code   RO         2635    i.SD_StopTransfer   driver.o
    0x0800ae44   0x000002bc   Code   RO         2636    i.SD_WriteBlock     driver.o
    0x0800b100   0x000002fc   Code   RO         2637    i.SD_WriteMultiBlocks  driver.o
    0x0800b3fc   0x00000002   Code   RO          199    i.SVC_Handler       stm32f10x_it.o
    0x0800b3fe   0x0000000e   Code   RO         2638    i.Sd_InitAndTest    driver.o
    0x0800b40c   0x00000048   Code   RO         2639    i.SetRtcTime        driver.o
    0x0800b454   0x00000094   Code   RO          906    i.SetSysClockTo72   system_stm32f10x.o
    0x0800b4e8   0x00000012   Code   RO          200    i.SysTick_Handler   stm32f10x_it.o
    0x0800b4fa   0x00000002   PAD
    0x0800b4fc   0x00000034   Code   RO          936    i.SysTick_init      bsp.o
    0x0800b530   0x00000054   Code   RO          908    i.SystemInit        system_stm32f10x.o
    0x0800b584   0x00000040   Code   RO           12    i.TASK_AppStart     main.o
    0x0800b5c4   0x00000064   Code   RO          283    i.Task_Lcd          task.o
    0x0800b628   0x00000080   Code   RO          284    i.Task_Led          task.o
    0x0800b6a8   0x000002d4   Code   RO          285    i.Task_SdCard       task.o
    0x0800b97c   0x000000e0   Code   RO         2640    i.Test_SDCard       driver.o
    0x0800ba5c   0x00000028   Code   RO          348    i.TimeDlyms         app.o
    0x0800ba84   0x00000040   Code   RO          201    i.USART1_IRQHandler  stm32f10x_it.o
    0x0800bac4   0x0000000c   Code   RO         1116    i.USART_ClearITPendingBit  stm32f10x_conf.o
    0x0800bad0   0x00000014   Code   RO         1119    i.USART_Cmd         stm32f10x_conf.o
    0x0800bae4   0x0000009c   Code   RO         2641    i.USART_Configuration  driver.o
    0x0800bb80   0x0000000e   Code   RO         1122    i.USART_GetFlagStatus  stm32f10x_conf.o
    0x0800bb8e   0x0000003e   Code   RO         1123    i.USART_GetITStatus  stm32f10x_conf.o
    0x0800bbcc   0x00000030   Code   RO         1125    i.USART_ITConfig    stm32f10x_conf.o
    0x0800bbfc   0x000000b4   Code   RO         1126    i.USART_Init        stm32f10x_conf.o
    0x0800bcb0   0x00000008   Code   RO         1133    i.USART_ReceiveData  stm32f10x_conf.o
    0x0800bcb8   0x00000008   Code   RO         1136    i.USART_SendData    stm32f10x_conf.o
    0x0800bcc0   0x00000002   Code   RO          202    i.USB_LP_CAN1_RX0_IRQHandler  stm32f10x_it.o
    0x0800bcc2   0x00000002   Code   RO          203    i.UsageFault_Handler  stm32f10x_it.o
    0x0800bcc4   0x0000000e   Code   RO         2642    i.Usart1_Init       driver.o
    0x0800bcd2   0x00000002   PAD
    0x0800bcd4   0x00000020   Code   RO         2643    i.Usart1_PutChar    driver.o
    0x0800bcf4   0x00000016   Code   RO         2644    i.Usart1_Write      driver.o
    0x0800bd0a   0x00000028   Code   RO         3198    i.__ARM_fpclassify  m_ws.l(fpclassify.o)
    0x0800bd32   0x0000000e   Code   RO         3010    i._is_digit         c_w.l(__printf_wp.o)
    0x0800bd40   0x00000052   Code   RO          349    i.bmp               app.o
    0x0800bd92   0x00000002   PAD
    0x0800bd94   0x0000005c   Code   RO          350    i.check_fs          app.o
    0x0800bdf0   0x00000010   Code   RO          351    i.chk_chr           app.o
    0x0800be00   0x0000021c   Code   RO          352    i.chk_mounted       app.o
    0x0800c01c   0x00000018   Code   RO          353    i.clust2sect        app.o
    0x0800c034   0x00000012   Code   RO         2645    i.convert_from_bytes_to_power_of_two  driver.o
    0x0800c046   0x00000096   Code   RO          354    i.create_chain      app.o
    0x0800c0dc   0x00000218   Code   RO          355    i.create_name       app.o
    0x0800c2f4   0x00000128   Code   RO          356    i.dir_find          app.o
    0x0800c41c   0x000000ec   Code   RO          357    i.dir_next          app.o
    0x0800c508   0x000000f0   Code   RO          358    i.dir_read          app.o
    0x0800c5f8   0x000001b4   Code   RO          359    i.dir_register      app.o
    0x0800c7ac   0x0000007e   Code   RO          361    i.dir_sdi           app.o
    0x0800c82a   0x0000001a   Code   RO          362    i.disk_initialize   app.o
    0x0800c844   0x0000001c   Code   RO          364    i.disk_read         app.o
    0x0800c860   0x00000014   Code   RO          365    i.disk_status       app.o
    0x0800c874   0x0000001c   Code   RO          366    i.disk_write        app.o
    0x0800c890   0x00000012   Code   RO          368    i.f_close           app.o
    0x0800c8a2   0x00000132   Code   RO          370    i.f_lseek           app.o
    0x0800c9d4   0x00000028   Code   RO          373    i.f_mount           app.o
    0x0800c9fc   0x0000012c   Code   RO          374    i.f_open            app.o
    0x0800cb28   0x00000058   Code   RO          375    i.f_opendir         app.o
    0x0800cb80   0x00000144   Code   RO          376    i.f_read            app.o
    0x0800ccc4   0x00000058   Code   RO          377    i.f_readdir         app.o
    0x0800cd1c   0x0000009c   Code   RO          380    i.f_sync            app.o
    0x0800cdb8   0x00000182   Code   RO          384    i.f_write           app.o
    0x0800cf3a   0x00000002   PAD
    0x0800cf3c   0x0000004c   Code   RO          385    i.ff_convert        app.o
    0x0800cf88   0x00000024   Code   RO          386    i.ff_wtoupper       app.o
    0x0800cfac   0x00000068   Code   RO          387    i.follow_path       app.o
    0x0800d014   0x00000078   Code   RO          388    i.gen_numname       app.o
    0x0800d08c   0x000000b8   Code   RO          389    i.get_fat           app.o
    0x0800d144   0x000000f0   Code   RO          391    i.get_fileinfo      app.o
    0x0800d234   0x00000040   Code   RO           13    i.main              main.o
    0x0800d274   0x00000010   Code   RO          394    i.mem_cpy           app.o
    0x0800d284   0x0000000e   Code   RO          395    i.mem_set           app.o
    0x0800d292   0x0000006a   Code   RO          397    i.move_window       app.o
    0x0800d2fc   0x000000f4   Code   RO          399    i.put_fat           app.o
    0x0800d3f0   0x00000062   Code   RO          400    i.remove_chain      app.o
    0x0800d452   0x00000002   PAD
    0x0800d454   0x00000094   Code   RO          401    i.showBmpHead       app.o
    0x0800d4e8   0x0000020c   Code   RO          402    i.showBmpInforHead  app.o
    0x0800d6f4   0x0000001a   Code   RO          403    i.sum_sfn           app.o
    0x0800d70e   0x000000aa   Code   RO          404    i.sync              app.o
    0x0800d7b8   0x00000020   Code   RO          405    i.validate          app.o
    0x0800d7d8   0x0000002c   Code   RO         3182    locale$$code        c_w.l(lc_ctype_c.o)
    0x0800d804   0x0000002c   Code   RO         3185    locale$$code        c_w.l(lc_numeric_c.o)
    0x0800d830   0x0000000e   Code   RO         3245    x$fpl$fpinit        fz_ws.l(fpinit.o)
    0x0800d83e   0x00000004   Code   RO         3109    x$fpl$printf1       fz_ws.l(printf1.o)
    0x0800d842   0x00000000   Code   RO         3197    x$fpl$usenofp       fz_ws.l(usenofp.o)
    0x0800d842   0x00000002   PAD
    0x0800d844   0x0002af14   Data   RO          409    .constdata          app.o
    0x08038758   0x00000100   Data   RO         2179    .constdata          ucos_ii.o
    0x08038858   0x00000bda   Data   RO         2647    .constdata          driver.o
    0x08039432   0x00000028   Data   RO         2998    .constdata          c_w.l(_printf_hex_int_ll_ptr.o)
    0x0803945a   0x00000011   Data   RO         3018    .constdata          c_w.l(__printf_flags_ss_wp.o)
    0x0803946b   0x00000001   PAD
    0x0803946c   0x00000008   Data   RO         3071    .constdata          c_w.l(_printf_wctomb.o)
    0x08039474   0x00000094   Data   RO         3157    .constdata          c_w.l(bigflt0.o)
    0x08039508   0x00000020   Data   RO         3326    Region$$Table       anon$$obj.o
    0x08039528   0x00000110   Data   RO         3181    locale$$data        c_w.l(lc_ctype_c.o)
    0x08039638   0x0000001c   Data   RO         3184    locale$$data        c_w.l(lc_numeric_c.o)


    Execution Region RW_IRAM1 (Base: 0x20000000, Size: 0x00006b60, Max: 0x00010000, ABSOLUTE)

    Base Addr    Size         Type   Attr      Idx    E Section Name        Object

    0x20000000   0x00000004   Data   RW          286    .data               task.o
    0x20000004   0x00000004   Data   RW          287    .data               task.o
    0x20000008   0x00000010   Data   RW          410    .data               app.o
    0x20000018   0x00000004   Data   RW          411    .data               app.o
    0x2000001c   0x00000004   Data   RW          414    .data               app.o
    0x20000020   0x00000004   Data   RW          415    .data               app.o
    0x20000024   0x00000004   Data   RW          416    .data               app.o
    0x20000028   0x00000004   Data   RW          417    .data               app.o
    0x2000002c   0x00000014   Data   RW          909    .data               system_stm32f10x.o
    0x20000040   0x00000014   Data   RW         1144    .data               stm32f10x_conf.o
    0x20000054   0x00000041   Data   RW         2180    .data               ucos_ii.o
    0x20000095   0x00000003   PAD
    0x20000098   0x00000028   Data   RW         2648    .data               driver.o
    0x200000c0   0x00004a00   Zero   RW           15    .bss                main.o
    0x20004ac0   0x00000460   Zero   RW          406    .bss                app.o
    0x20004f20   0x00000644   Zero   RW          407    .bss                app.o
    0x20005564   0x00000040   Zero   RW          408    .bss                app.o
    0x200055a4   0x00000ef4   Zero   RW         2178    .bss                ucos_ii.o
    0x20006498   0x00000064   Zero   RW         2646    .bss                driver.o
    0x200064fc   0x00000060   Zero   RW         3112    .bss                c_w.l(libspace.o)
    0x2000655c   0x00000004   PAD
    0x20006560   0x00000200   Zero   RW            2    HEAP                startup_stm32f10x_hd.o
    0x20006760   0x00000400   Zero   RW            1    STACK               startup_stm32f10x_hd.o


==============================================================================

Image component sizes


      Code (inc. data)   RO Data    RW Data    ZI Data      Debug   Object Name

      7844        860     175892         36       2788      47162   app.o
        82          8          0          0          0      15901   bsp.o
      8036        444       3034         40        100      37157   driver.o
       388         84         32          0      18944     278962   main.o
       164         32          0          0          0        268   os_cpu_a.o
       118          0          0          0          0      11272   os_cpu_c.o
        64         26        304          0       1536        784   startup_stm32f10x_hd.o
      1968        274          0         20          0      39374   stm32f10x_conf.o
       142         10          0          0          0       4741   stm32f10x_it.o
       232         32          0         20          0       1613   system_stm32f10x.o
       952        354          0          8          0       2377   task.o
      4034        280        256         65       3828      34010   ucos_ii.o

    ----------------------------------------------------------------------
     24058       2404     179550        192      27196     473621   Object Totals
         0          0         32          0          0          0   (incl. Generated)
        34          0          0          3          0          0   (incl. Padding)

    ----------------------------------------------------------------------

      Code (inc. data)   RO Data    RW Data    ZI Data      Debug   Library Member Name

        44          6          0          0          0         84   __2sprintf.o
         8          0          0          0          0         68   __main.o
       396          6         17          0          0         92   __printf_flags_ss_wp.o
        14          0          0          0          0         68   __printf_wp.o
        52          8          0          0          0          0   __scatter.o
        26          0          0          0          0          0   __scatter_copy.o
        28          0          0          0          0          0   __scatter_zi.o
         6          0          0          0          0          0   _printf_a.o
         6          0          0          0          0          0   _printf_c.o
        44          0          0          0          0        108   _printf_char.o
        48          6          0          0          0         96   _printf_char_common.o
        42          0          0          0          0         68   _printf_charcount.o
         6          0          0          0          0          0   _printf_d.o
       120         18          0          0          0         92   _printf_dec.o
         6          0          0          0          0          0   _printf_e.o
         6          0          0          0          0          0   _printf_f.o
      1056          0          0          0          0        216   _printf_fp_dec.o
       128         16          0          0          0         84   _printf_fp_infnan.o
         6          0          0          0          0          0   _printf_g.o
       156          6         40          0          0        160   _printf_hex_int_ll_ptr.o
         6          0          0          0          0          0   _printf_i.o
       184          0          0          0          0         88   _printf_intcommon.o
        10          0          0          0          0          0   _printf_l.o
         6          0          0          0          0          0   _printf_lc.o
        10          0          0          0          0          0   _printf_ll.o
         6          0          0          0          0          0   _printf_lld.o
         6          0          0          0          0          0   _printf_lli.o
         6          0          0          0          0          0   _printf_llo.o
         6          0          0          0          0          0   _printf_llu.o
         6          0          0          0          0          0   _printf_llx.o
       120         16          0          0          0         92   _printf_longlong_dec.o
         6          0          0          0          0          0   _printf_ls.o
         6          0          0          0          0          0   _printf_n.o
         6          0          0          0          0          0   _printf_o.o
       120          8          0          0          0        124   _printf_oct_int_ll.o
         6          0          0          0          0          0   _printf_p.o
        82          0          0          0          0        108   _printf_pad.o
         0          0          0          0          0          0   _printf_percent.o
         4          0          0          0          0          0   _printf_percent_end.o
         6          0          0          0          0          0   _printf_s.o
        82          0          0          0          0         80   _printf_str.o
        36          0          0          0          0         84   _printf_truncate.o
         6          0          0          0          0          0   _printf_u.o
        44          0          0          0          0        108   _printf_wchar.o
       188          6          8          0          0         92   _printf_wctomb.o
         6          0          0          0          0          0   _printf_x.o
        16          0          0          0          0         68   _snputc.o
        10          0          0          0          0         68   _sputc.o
        64          0          0          0          0         92   _wcrtomb.o
       228          6        148          0          0         96   bigflt0.o
      1910        128          0          0          0        672   btod.o
        52          6          0          0          0         80   c89vsnprintf.o
        12          0          0          0          0         72   exit.o
         6          0          0          0          0        152   heapauxi.o
         0          0          0          0          0          0   indicate_semi.o
        44         10        272          0          0         76   lc_ctype_c.o
        44         10         28          0          0         76   lc_numeric_c.o
         6          0          0          0          0          0   libinit.o
        30          0          0          0          0          0   libinit2.o
         2          0          0          0          0          0   libshutdown.o
         2          0          0          0          0          0   libshutdown2.o
         8          4          0          0         96         68   libspace.o
       138          0          0          0          0         80   lludiv10.o
        16          4          0          0          0         76   rt_ctype_table.o
         8          4          0          0          0         68   rt_fp_status_addr_intlibspace.o
         8          4          0          0          0         68   rt_locale_intlibspace.o
        68          0          0          0          0         68   rt_memclr.o
        78          0          0          0          0         80   rt_memclr_w.o
         0          0          0          0          0          0   rtentry.o
        12          0          0          0          0          0   rtentry2.o
         6          0          0          0          0          0   rtentry4.o
         2          0          0          0          0          0   rtexit.o
        10          0          0          0          0          0   rtexit2.o
       128          0          0          0          0         68   strcmpv7m.o
        72          0          0          0          0         80   strcpy.o
        62          0          0          0          0         76   strlen.o
        36          0          0          0          0         80   strstr.o
        12          4          0          0          0         68   sys_exit.o
        74          0          0          0          0         80   sys_stackheap_outer.o
         2          0          0          0          0         68   use_no_semi.o
        14          0          0          0          0         76   fpinit.o
         4          0          0          0          0         68   printf1.o
         0          0          0          0          0          0   usenofp.o
        40          0          0          0          0         68   fpclassify.o

    ----------------------------------------------------------------------
      6394        276        514          0        100       4604   Library Totals
         8          0          1          0          4          0   (incl. Padding)

    ----------------------------------------------------------------------

      Code (inc. data)   RO Data    RW Data    ZI Data      Debug   Library Name

      6328        276        513          0         96       4392   c_w.l
        18          0          0          0          0        144   fz_ws.l
        40          0          0          0          0         68   m_ws.l

    ----------------------------------------------------------------------
      6394        276        514          0        100       4604   Library Totals

    ----------------------------------------------------------------------

==============================================================================


      Code (inc. data)   RO Data    RW Data    ZI Data      Debug   

     30452       2680     180064        192      27296     464341   Grand Totals
     30452       2680     180064        192      27296     464341   ELF Image Totals
     30452       2680     180064        192          0          0   ROM Totals

==============================================================================

    Total RO  Size (Code + RO Data)               210516 ( 205.58kB)
    Total RW  Size (RW Data + ZI Data)             27488 (  26.84kB)
    Total ROM Size (Code + RO Data + RW Data)     210708 ( 205.77kB)

==============================================================================

